Archive member included to satisfy reference by file (symbol)

/usr/lib/gcc/arm-none-eabi/15.1.0/../../../../arm-none-eabi/lib/thumb/v6-m/nofp/libc_nano.a(libc_a-atexit.o)
                              /usr/lib/gcc/arm-none-eabi/15.1.0/../../../../arm-none-eabi/lib/thumb/v6-m/nofp/crt0.o (atexit)
/usr/lib/gcc/arm-none-eabi/15.1.0/../../../../arm-none-eabi/lib/thumb/v6-m/nofp/libc_nano.a(libc_a-exit.o)
                              /usr/lib/gcc/arm-none-eabi/15.1.0/../../../../arm-none-eabi/lib/thumb/v6-m/nofp/crt0.o (exit)
/usr/lib/gcc/arm-none-eabi/15.1.0/../../../../arm-none-eabi/lib/thumb/v6-m/nofp/libc_nano.a(libc_a-findfp.o)
                              /usr/lib/gcc/arm-none-eabi/15.1.0/../../../../arm-none-eabi/lib/thumb/v6-m/nofp/libc_nano.a(libc_a-exit.o) (__stdio_exit_handler)
/usr/lib/gcc/arm-none-eabi/15.1.0/../../../../arm-none-eabi/lib/thumb/v6-m/nofp/libc_nano.a(libc_a-fwalk.o)
                              /usr/lib/gcc/arm-none-eabi/15.1.0/../../../../arm-none-eabi/lib/thumb/v6-m/nofp/libc_nano.a(libc_a-findfp.o) (_fwalk_sglue)
/usr/lib/gcc/arm-none-eabi/15.1.0/../../../../arm-none-eabi/lib/thumb/v6-m/nofp/libc_nano.a(libc_a-puts.o)
                              build/src/main.c.obj (puts)
/usr/lib/gcc/arm-none-eabi/15.1.0/../../../../arm-none-eabi/lib/thumb/v6-m/nofp/libc_nano.a(libc_a-stdio.o)
                              /usr/lib/gcc/arm-none-eabi/15.1.0/../../../../arm-none-eabi/lib/thumb/v6-m/nofp/libc_nano.a(libc_a-findfp.o) (__sread)
/usr/lib/gcc/arm-none-eabi/15.1.0/../../../../arm-none-eabi/lib/thumb/v6-m/nofp/libc_nano.a(libc_a-wbuf.o)
                              /usr/lib/gcc/arm-none-eabi/15.1.0/../../../../arm-none-eabi/lib/thumb/v6-m/nofp/libc_nano.a(libc_a-puts.o) (__swbuf_r)
/usr/lib/gcc/arm-none-eabi/15.1.0/../../../../arm-none-eabi/lib/thumb/v6-m/nofp/libc_nano.a(libc_a-wsetup.o)
                              /usr/lib/gcc/arm-none-eabi/15.1.0/../../../../arm-none-eabi/lib/thumb/v6-m/nofp/libc_nano.a(libc_a-puts.o) (__swsetup_r)
/usr/lib/gcc/arm-none-eabi/15.1.0/../../../../arm-none-eabi/lib/thumb/v6-m/nofp/libc_nano.a(libc_a-memset.o)
                              /usr/lib/gcc/arm-none-eabi/15.1.0/../../../../arm-none-eabi/lib/thumb/v6-m/nofp/crt0.o (memset)
/usr/lib/gcc/arm-none-eabi/15.1.0/../../../../arm-none-eabi/lib/thumb/v6-m/nofp/libc_nano.a(libc_a-closer.o)
                              /usr/lib/gcc/arm-none-eabi/15.1.0/../../../../arm-none-eabi/lib/thumb/v6-m/nofp/libc_nano.a(libc_a-stdio.o) (_close_r)
/usr/lib/gcc/arm-none-eabi/15.1.0/../../../../arm-none-eabi/lib/thumb/v6-m/nofp/libc_nano.a(libc_a-reent.o)
                              /usr/lib/gcc/arm-none-eabi/15.1.0/../../../../arm-none-eabi/lib/thumb/v6-m/nofp/libc_nano.a(libc_a-closer.o) (errno)
/usr/lib/gcc/arm-none-eabi/15.1.0/../../../../arm-none-eabi/lib/thumb/v6-m/nofp/libc_nano.a(libc_a-impure.o)
                              /usr/lib/gcc/arm-none-eabi/15.1.0/../../../../arm-none-eabi/lib/thumb/v6-m/nofp/libc_nano.a(libc_a-puts.o) (_impure_ptr)
/usr/lib/gcc/arm-none-eabi/15.1.0/../../../../arm-none-eabi/lib/thumb/v6-m/nofp/libc_nano.a(libc_a-lseekr.o)
                              /usr/lib/gcc/arm-none-eabi/15.1.0/../../../../arm-none-eabi/lib/thumb/v6-m/nofp/libc_nano.a(libc_a-stdio.o) (_lseek_r)
/usr/lib/gcc/arm-none-eabi/15.1.0/../../../../arm-none-eabi/lib/thumb/v6-m/nofp/libc_nano.a(libc_a-readr.o)
                              /usr/lib/gcc/arm-none-eabi/15.1.0/../../../../arm-none-eabi/lib/thumb/v6-m/nofp/libc_nano.a(libc_a-stdio.o) (_read_r)
/usr/lib/gcc/arm-none-eabi/15.1.0/../../../../arm-none-eabi/lib/thumb/v6-m/nofp/libc_nano.a(libc_a-writer.o)
                              /usr/lib/gcc/arm-none-eabi/15.1.0/../../../../arm-none-eabi/lib/thumb/v6-m/nofp/libc_nano.a(libc_a-stdio.o) (_write_r)
/usr/lib/gcc/arm-none-eabi/15.1.0/../../../../arm-none-eabi/lib/thumb/v6-m/nofp/libc_nano.a(libc_a-errno.o)
                              build/env/syscalls_min.c.obj (__errno)
/usr/lib/gcc/arm-none-eabi/15.1.0/../../../../arm-none-eabi/lib/thumb/v6-m/nofp/libc_nano.a(libc_a-init.o)
                              /usr/lib/gcc/arm-none-eabi/15.1.0/../../../../arm-none-eabi/lib/thumb/v6-m/nofp/crt0.o (__libc_init_array)
/usr/lib/gcc/arm-none-eabi/15.1.0/../../../../arm-none-eabi/lib/thumb/v6-m/nofp/libc_nano.a(libc_a-fini.o)
                              /usr/lib/gcc/arm-none-eabi/15.1.0/../../../../arm-none-eabi/lib/thumb/v6-m/nofp/crt0.o (__libc_fini_array)
/usr/lib/gcc/arm-none-eabi/15.1.0/../../../../arm-none-eabi/lib/thumb/v6-m/nofp/libc_nano.a(libc_a-lock.o)
                              /usr/lib/gcc/arm-none-eabi/15.1.0/../../../../arm-none-eabi/lib/thumb/v6-m/nofp/libc_nano.a(libc_a-findfp.o) (__retarget_lock_init_recursive)
/usr/lib/gcc/arm-none-eabi/15.1.0/../../../../arm-none-eabi/lib/thumb/v6-m/nofp/libc_nano.a(libc_a-memcpy-stub.o)
                              build/env/startup_samd21_gcc.c.obj (memcpy)
[...]
Memory Configuration

Name             Origin             Length             Attributes
FLASH            0x00002000         0x0003e000         xr
RAM              0x20000000         0x00008000         xrw
*default*        0x00000000         0xffffffff

Linker script and memory map

LOAD /usr/lib/gcc/arm-none-eabi/15.1.0/thumb/v6-m/nofp/crti.o
LOAD /usr/lib/gcc/arm-none-eabi/15.1.0/thumb/v6-m/nofp/crtbegin.o
LOAD /usr/lib/gcc/arm-none-eabi/15.1.0/../../../../arm-none-eabi/lib/thumb/v6-m/nofp/crt0.o
LOAD build/src/main.c.obj
LOAD build/src/drivers/i2c/i2c.c.obj
LOAD build/src/drivers/uart/uart.c.obj
LOAD build/env/syscalls_min.c.obj
LOAD build/env/system_samd21.c.obj
LOAD build/env/startup_samd21_gcc.c.obj
LOAD /usr/lib/gcc/arm-none-eabi/15.1.0/../../../../arm-none-eabi/lib/thumb/v6-m/nofp/libc_nano.a
LOAD /usr/lib/gcc/arm-none-eabi/15.1.0/thumb/v6-m/nofp/libgcc.a
START GROUP
LOAD /usr/lib/gcc/arm-none-eabi/15.1.0/thumb/v6-m/nofp/libgcc.a
LOAD /usr/lib/gcc/arm-none-eabi/15.1.0/../../../../arm-none-eabi/lib/thumb/v6-m/nofp/libc_nano.a
END GROUP
START GROUP
LOAD /usr/lib/gcc/arm-none-eabi/15.1.0/thumb/v6-m/nofp/libgcc.a
LOAD /usr/lib/gcc/arm-none-eabi/15.1.0/../../../../arm-none-eabi/lib/thumb/v6-m/nofp/libc_nano.a
END GROUP
LOAD /usr/lib/gcc/arm-none-eabi/15.1.0/thumb/v6-m/nofp/crtend.o
LOAD /usr/lib/gcc/arm-none-eabi/15.1.0/thumb/v6-m/nofp/crtn.o
                0x20008000                        _estack = (ORIGIN (RAM) + LENGTH (RAM))

.isr_vector     0x00002000       0xb4
 *(.isr_vector)
 .isr_vector    0x00002000       0xb4 build/env/startup_samd21_gcc.c.obj
                0x00002000                g_pfnVectors

.text           0x000020b4     0x195c
 *(.text*)
 .text.aht20_measure
                0x000020b4      0x110 build/src/main.c.obj
                0x000020b4                aht20_measure
 .text.startup.main
                0x000021c4       0x30 build/src/main.c.obj
                0x000021c4                main
 .text._i2c_enable_master
                0x000021f4       0x64 build/src/drivers/i2c/i2c.c.obj
 .text.i2c_begin
                0x00002258       0xb4 build/src/drivers/i2c/i2c.c.obj
                0x00002258                i2c_begin
 .text.i2c_begin_tx
                0x0000230c       0x18 build/src/drivers/i2c/i2c.c.obj
                0x0000230c                i2c_begin_tx
 .text.i2c_write
                0x00002324       0x48 build/src/drivers/i2c/i2c.c.obj
                0x00002324                i2c_write
 .text.i2c_end_tx
                0x0000236c       0xac build/src/drivers/i2c/i2c.c.obj
                0x0000236c                i2c_end_tx
 .text.i2c_request_from
                0x00002418      0x14c build/src/drivers/i2c/i2c.c.obj
                0x00002418                i2c_request_from
 .text.i2c_read
                0x00002564       0x28 build/src/drivers/i2c/i2c.c.obj
                0x00002564                i2c_read
 .text.uart_init_115200_sercom5_pa10_pa11
                0x0000258c       0xb8 build/src/drivers/uart/uart.c.obj
                0x0000258c                uart_init_115200_sercom5_pa10_pa11
 .text.uart_putc
                0x00002644       0x10 build/src/drivers/uart/uart.c.obj
                0x00002644                uart_putc
 .text._close   0x00002654       0x10 build/env/syscalls_min.c.obj
                0x00002654                _close
 .text._fstat   0x00002664        0xc build/env/syscalls_min.c.obj
                0x00002664                _fstat
 .text._isatty  0x00002670        0x4 build/env/syscalls_min.c.obj
                0x00002670                _isatty
 .text._lseek   0x00002674        0x4 build/env/syscalls_min.c.obj
                0x00002674                _lseek
 .text._read    0x00002678       0x10 build/env/syscalls_min.c.obj
                0x00002678                _read
 .text._write   0x00002688       0x40 build/env/syscalls_min.c.obj
                0x00002688                _write
 .text._sbrk    0x000026c8       0x10 build/env/syscalls_min.c.obj
                0x000026c8                _sbrk
 .text.SystemInit
                0x000026d8       0x10 build/env/system_samd21.c.obj
                0x000026d8                SystemInit
 .text.Default_Handler
                0x000026e8        0x4 build/env/startup_samd21_gcc.c.obj
                0x000026e8                DMAC_Handler
                0x000026e8                HardFault_Handler
                0x000026e8                AC_Handler
                0x000026e8                SysTick_Handler
                0x000026e8                PendSV_Handler
                0x000026e8                NMI_Handler
                0x000026e8                TC7_Handler
                0x000026e8                SERCOM1_Handler
                0x000026e8                ADC_Handler
                0x000026e8                TCC1_Handler
                0x000026e8                SERCOM2_Handler
                0x000026e8                TCC0_Handler
                0x000026e8                RTC_Handler
                0x000026e8                EIC_Handler
                0x000026e8                TC6_Handler
                0x000026e8                WDT_Handler
                0x000026e8                TC4_Handler
                0x000026e8                USB_Handler
                0x000026e8                TC3_Handler
                0x000026e8                Default_Handler
                0x000026e8                AC1_Handler
                0x000026e8                PM_Handler
                0x000026e8                SERCOM5_Handler
                0x000026e8                SVC_Handler
                0x000026e8                TCC2_Handler
                0x000026e8                EVSYS_Handler
                0x000026e8                SERCOM3_Handler
                0x000026e8                SERCOM4_Handler
                0x000026e8                I2S_Handler
                0x000026e8                NVMCTRL_Handler
                0x000026e8                SERCOM0_Handler
                0x000026e8                DAC_Handler
                0x000026e8                PTC_Handler
                0x000026e8                TC5_Handler
                0x000026e8                SYSCTRL_Handler
 .text.Reset_Handler
                0x000026ec       0x60 build/env/startup_samd21_gcc.c.obj
                0x000026ec                Reset_Handler
 .text.std      0x0000274c       0x6c /usr/lib/gcc/arm-none-eabi/15.1.0/../../../../arm-none-eabi/lib/thumb/v6-m/nofp/libc_nano.a(libc_a-findfp.o)
 .text.stdio_exit_handler
                0x000027b8       0x1c /usr/lib/gcc/arm-none-eabi/15.1.0/../../../../arm-none-eabi/lib/thumb/v6-m/nofp/libc_nano.a(libc_a-findfp.o)
 .text.cleanup_stdio
                0x000027d4       0x3c /usr/lib/gcc/arm-none-eabi/15.1.0/../../../../arm-none-eabi/lib/thumb/v6-m/nofp/libc_nano.a(libc_a-findfp.o)
 .text.global_stdio_init.part.0
                0x00002810       0x3c /usr/lib/gcc/arm-none-eabi/15.1.0/../../../../arm-none-eabi/lib/thumb/v6-m/nofp/libc_nano.a(libc_a-findfp.o)
 .text.__sfp_lock_acquire
                0x0000284c       0x10 /usr/lib/gcc/arm-none-eabi/15.1.0/../../../../arm-none-eabi/lib/thumb/v6-m/nofp/libc_nano.a(libc_a-findfp.o)
                0x0000284c                __sfp_lock_acquire
 .text.__sfp_lock_release
                0x0000285c       0x10 /usr/lib/gcc/arm-none-eabi/15.1.0/../../../../arm-none-eabi/lib/thumb/v6-m/nofp/libc_nano.a(libc_a-findfp.o)
                0x0000285c                __sfp_lock_release
 .text.__sinit  0x0000286c       0x30 /usr/lib/gcc/arm-none-eabi/15.1.0/../../../../arm-none-eabi/lib/thumb/v6-m/nofp/libc_nano.a(libc_a-findfp.o)
                0x0000286c                __sinit
 .text._fwalk_sglue
                0x0000289c       0x38 /usr/lib/gcc/arm-none-eabi/15.1.0/../../../../arm-none-eabi/lib/thumb/v6-m/nofp/libc_nano.a(libc_a-fwalk.o)
                0x0000289c                _fwalk_sglue
 .text._puts_r  0x000028d4       0xac /usr/lib/gcc/arm-none-eabi/15.1.0/../../../../arm-none-eabi/lib/thumb/v6-m/nofp/libc_nano.a(libc_a-puts.o)
                0x000028d4                _puts_r
 .text.puts     0x00002980       0x14 /usr/lib/gcc/arm-none-eabi/15.1.0/../../../../arm-none-eabi/lib/thumb/v6-m/nofp/libc_nano.a(libc_a-puts.o)
                0x00002980                puts
 .text.__sread  0x00002994       0x28 /usr/lib/gcc/arm-none-eabi/15.1.0/../../../../arm-none-eabi/lib/thumb/v6-m/nofp/libc_nano.a(libc_a-stdio.o)
                0x00002994                __sread
 .text.__swrite
                0x000029bc       0x38 /usr/lib/gcc/arm-none-eabi/15.1.0/../../../../arm-none-eabi/lib/thumb/v6-m/nofp/libc_nano.a(libc_a-stdio.o)
                0x000029bc                __swrite
 .text.__sseek  0x000029f4       0x2c /usr/lib/gcc/arm-none-eabi/15.1.0/../../../../arm-none-eabi/lib/thumb/v6-m/nofp/libc_nano.a(libc_a-stdio.o)
                0x000029f4                __sseek
 .text.__sclose
                0x00002a20        0xc /usr/lib/gcc/arm-none-eabi/15.1.0/../../../../arm-none-eabi/lib/thumb/v6-m/nofp/libc_nano.a(libc_a-stdio.o)
                0x00002a20                __sclose
 .text.__swbuf_r
                0x00002a2c       0x84 /usr/lib/gcc/arm-none-eabi/15.1.0/../../../../arm-none-eabi/lib/thumb/v6-m/nofp/libc_nano.a(libc_a-wbuf.o)
                0x00002a2c                __swbuf_r
 .text.__swsetup_r
                0x00002ab0       0xb8 /usr/lib/gcc/arm-none-eabi/15.1.0/../../../../arm-none-eabi/lib/thumb/v6-m/nofp/libc_nano.a(libc_a-wsetup.o)
                0x00002ab0                __swsetup_r
 .text.memset   0x00002b68       0x10 /usr/lib/gcc/arm-none-eabi/15.1.0/../../../../arm-none-eabi/lib/thumb/v6-m/nofp/libc_nano.a(libc_a-memset.o)
                0x00002b68                memset
 .text._close_r
                0x00002b78       0x24 /usr/lib/gcc/arm-none-eabi/15.1.0/../../../../arm-none-eabi/lib/thumb/v6-m/nofp/libc_nano.a(libc_a-closer.o)
                0x00002b78                _close_r
 .text._lseek_r
                0x00002b9c       0x28 /usr/lib/gcc/arm-none-eabi/15.1.0/../../../../arm-none-eabi/lib/thumb/v6-m/nofp/libc_nano.a(libc_a-lseekr.o)
                0x00002b9c                _lseek_r
 .text._read_r  0x00002bc4       0x28 /usr/lib/gcc/arm-none-eabi/15.1.0/../../../../arm-none-eabi/lib/thumb/v6-m/nofp/libc_nano.a(libc_a-readr.o)
                0x00002bc4                _read_r
 .text._write_r
                0x00002bec       0x28 /usr/lib/gcc/arm-none-eabi/15.1.0/../../../../arm-none-eabi/lib/thumb/v6-m/nofp/libc_nano.a(libc_a-writer.o)
                0x00002bec                _write_r
 .text.__errno  0x00002c14        0xc /usr/lib/gcc/arm-none-eabi/15.1.0/../../../../arm-none-eabi/lib/thumb/v6-m/nofp/libc_nano.a(libc_a-errno.o)
                0x00002c14                __errno
 .text.__retarget_lock_init_recursive
                0x00002c20        0x2 /usr/lib/gcc/arm-none-eabi/15.1.0/../../../../arm-none-eabi/lib/thumb/v6-m/nofp/libc_nano.a(libc_a-lock.o)
                0x00002c20                __retarget_lock_init_recursive
 .text.__retarget_lock_acquire_recursive
                0x00002c22        0x2 /usr/lib/gcc/arm-none-eabi/15.1.0/../../../../arm-none-eabi/lib/thumb/v6-m/nofp/libc_nano.a(libc_a-lock.o)
                0x00002c22                __retarget_lock_acquire_recursive
 .text.__retarget_lock_release_recursive
                0x00002c24        0x2 /usr/lib/gcc/arm-none-eabi/15.1.0/../../../../arm-none-eabi/lib/thumb/v6-m/nofp/libc_nano.a(libc_a-lock.o)
                0x00002c24                __retarget_lock_release_recursive
 .text.memcpy   0x00002c26       0x12 /usr/lib/gcc/arm-none-eabi/15.1.0/../../../../arm-none-eabi/lib/thumb/v6-m/nofp/libc_nano.a(libc_a-memcpy-stub.o)
                0x00002c26                memcpy
 .text._free_r  0x00002c38       0x94 /usr/lib/gcc/arm-none-eabi/15.1.0/../../../../arm-none-eabi/lib/thumb/v6-m/nofp/libc_nano.a(libc_a-freer.o)
                0x00002c38                _free_r
 .text.sbrk_aligned
                0x00002ccc       0x44 /usr/lib/gcc/arm-none-eabi/15.1.0/../../../../arm-none-eabi/lib/thumb/v6-m/nofp/libc_nano.a(libc_a-mallocr.o)
 .text._malloc_r
                0x00002d10      0x100 /usr/lib/gcc/arm-none-eabi/15.1.0/../../../../arm-none-eabi/lib/thumb/v6-m/nofp/libc_nano.a(libc_a-mallocr.o)
                0x00002d10                _malloc_r
 .text.__malloc_lock
                0x00002e10       0x10 /usr/lib/gcc/arm-none-eabi/15.1.0/../../../../arm-none-eabi/lib/thumb/v6-m/nofp/libc_nano.a(libc_a-mlock.o)
                0x00002e10                __malloc_lock
 .text.__malloc_unlock
                0x00002e20       0x10 /usr/lib/gcc/arm-none-eabi/15.1.0/../../../../arm-none-eabi/lib/thumb/v6-m/nofp/libc_nano.a(libc_a-mlock.o)
                0x00002e20                __malloc_unlock
 .text.__sflush_r
                0x00002e30      0x114 /usr/lib/gcc/arm-none-eabi/15.1.0/../../../../arm-none-eabi/lib/thumb/v6-m/nofp/libc_nano.a(libc_a-fflush.o)
                0x00002e30                __sflush_r
 .text._fflush_r
                0x00002f44       0x56 /usr/lib/gcc/arm-none-eabi/15.1.0/../../../../arm-none-eabi/lib/thumb/v6-m/nofp/libc_nano.a(libc_a-fflush.o)
                0x00002f44                _fflush_r
 *fill*         0x00002f9a        0x2 
 .text.__swhatbuf_r
                0x00002f9c       0x54 /usr/lib/gcc/arm-none-eabi/15.1.0/../../../../arm-none-eabi/lib/thumb/v6-m/nofp/libc_nano.a(libc_a-makebuf.o)
                0x00002f9c                __swhatbuf_r
 .text.__smakebuf_r
                0x00002ff0       0x72 /usr/lib/gcc/arm-none-eabi/15.1.0/../../../../arm-none-eabi/lib/thumb/v6-m/nofp/libc_nano.a(libc_a-makebuf.o)
                0x00002ff0                __smakebuf_r
 *fill*         0x00003062        0x2 
 .text._fstat_r
                0x00003064       0x24 /usr/lib/gcc/arm-none-eabi/15.1.0/../../../../arm-none-eabi/lib/thumb/v6-m/nofp/libc_nano.a(libc_a-fstatr.o)
                0x00003064                _fstat_r
 .text._isatty_r
                0x00003088       0x24 /usr/lib/gcc/arm-none-eabi/15.1.0/../../../../arm-none-eabi/lib/thumb/v6-m/nofp/libc_nano.a(libc_a-isattyr.o)
                0x00003088                _isatty_r
 .text._sbrk_r  0x000030ac       0x24 /usr/lib/gcc/arm-none-eabi/15.1.0/../../../../arm-none-eabi/lib/thumb/v6-m/nofp/libc_nano.a(libc_a-sbrkr.o)
                0x000030ac                _sbrk_r
 .text          0x000030d0      0x114 /usr/lib/gcc/arm-none-eabi/15.1.0/thumb/v6-m/nofp/libgcc.a(_udivsi3.o)
                0x000030d0                __udivsi3
                0x000030d0                __aeabi_uidiv
                0x000031dc                __aeabi_uidivmod
 .text          0x000031e4        0x4 /usr/lib/gcc/arm-none-eabi/15.1.0/thumb/v6-m/nofp/libgcc.a(_dvmd_tls.o)
                0x000031e4                __aeabi_ldiv0
                0x000031e4                __aeabi_idiv0
 .text          0x000031e8      0x294 /usr/lib/gcc/arm-none-eabi/15.1.0/thumb/v6-m/nofp/libgcc.a(mulsf3.o)
                0x000031e8                __aeabi_fmul
 .text          0x0000347c      0x494 /usr/lib/gcc/arm-none-eabi/15.1.0/thumb/v6-m/nofp/libgcc.a(subsf3.o)
                0x0000347c                __aeabi_fsub
 .text          0x00003910       0x84 /usr/lib/gcc/arm-none-eabi/15.1.0/thumb/v6-m/nofp/libgcc.a(floatunsisf.o)
                0x00003910                __aeabi_ui2f
 .text          0x00003994       0x3c /usr/lib/gcc/arm-none-eabi/15.1.0/thumb/v6-m/nofp/libgcc.a(_clzsi2.o)
                0x00003994                __clzsi2
 *(.rodata*)
 .rodata.aht20_measure.str1.4
                0x000039d0       0x26 build/src/main.c.obj
                                  0x3 (size before relaxing)
 .rodata.main.str1.4
                0x000039f6       0x22 build/src/main.c.obj
 *(.glue_7)
 .glue_7        0x000039f6        0x0 linker stubs
 *(.glue_7t)
 .glue_7t       0x000039f6        0x0 linker stubs
 *(.eh_frame*)
 *(.init)
 *fill*         0x000039f6        0x2 
 .init          0x000039f8        0x4 /usr/lib/gcc/arm-none-eabi/15.1.0/thumb/v6-m/nofp/crti.o
                0x000039f8                _init
 .init          0x000039fc        0x8 /usr/lib/gcc/arm-none-eabi/15.1.0/thumb/v6-m/nofp/crtn.o
 *(.fini)
 .fini          0x00003a04        0x4 /usr/lib/gcc/arm-none-eabi/15.1.0/thumb/v6-m/nofp/crti.o
                0x00003a04                _fini
 .fini          0x00003a08        0x8 /usr/lib/gcc/arm-none-eabi/15.1.0/thumb/v6-m/nofp/crtn.o

.vfp11_veneer   0x00003a10        0x0
 .vfp11_veneer  0x00003a10        0x0 linker stubs

.v4_bx          0x00003a10        0x0
 .v4_bx         0x00003a10        0x0 linker stubs

.iplt           0x00003a10        0x0
 .iplt          0x00003a10        0x0 build/src/main.c.obj

.rel.dyn        0x00003a10        0x0
 .rel.iplt      0x00003a10        0x0 build/src/main.c.obj

.ARM.exidx      0x00003a10        0x0
                0x00003a10                        __exidx_start = .
 *(.ARM.exidx*)
                0x00003a10                        __exidx_end = .

.data           0x20000000       0x64 load address 0x00003a10
                0x00003a10                        _sidata = LOADADDR (.data)
                0x20000000                        _sdata = .
 *(.data*)
 .data.brk.0    0x20000000        0x4 build/env/syscalls_min.c.obj
 .data.SystemCoreClock
                0x20000004        0x4 build/env/system_samd21.c.obj
                0x20000004                SystemCoreClock
 .data.__sglue  0x20000008        0xc /usr/lib/gcc/arm-none-eabi/15.1.0/../../../../arm-none-eabi/lib/thumb/v6-m/nofp/libc_nano.a(libc_a-findfp.o)
                0x20000008                __sglue
 .data._impure_ptr
                0x20000014        0x4 /usr/lib/gcc/arm-none-eabi/15.1.0/../../../../arm-none-eabi/lib/thumb/v6-m/nofp/libc_nano.a(libc_a-impure.o)
                0x20000014                _impure_ptr
 .data._impure_data
                0x20000018       0x4c /usr/lib/gcc/arm-none-eabi/15.1.0/../../../../arm-none-eabi/lib/thumb/v6-m/nofp/libc_nano.a(libc_a-impure.o)
                0x20000018                _impure_data
                0x20000064                        _edata = .

.igot.plt       0x20000064        0x0 load address 0x00003a74
 .igot.plt      0x20000064        0x0 build/src/main.c.obj

.bss            0x20000064      0x1dc load address 0x00003a74
                0x20000064                        _sbss = .
 *(.bss*)
 .bss.s_addr7   0x20000064        0x1 build/src/drivers/i2c/i2c.c.obj
 *fill*         0x20000065        0x3 
 .bss.s_rx_idx  0x20000068        0x4 build/src/drivers/i2c/i2c.c.obj
 .bss.s_rx_len  0x2000006c        0x4 build/src/drivers/i2c/i2c.c.obj
 .bss.s_rx      0x20000070       0x40 build/src/drivers/i2c/i2c.c.obj
 .bss.s_tx_len  0x200000b0        0x4 build/src/drivers/i2c/i2c.c.obj
 .bss.s_tx      0x200000b4       0x40 build/src/drivers/i2c/i2c.c.obj
 .bss.__sf      0x200000f4      0x138 /usr/lib/gcc/arm-none-eabi/15.1.0/../../../../arm-none-eabi/lib/thumb/v6-m/nofp/libc_nano.a(libc_a-findfp.o)
                0x200000f4                __sf
 .bss.__stdio_exit_handler
                0x2000022c        0x4 /usr/lib/gcc/arm-none-eabi/15.1.0/../../../../arm-none-eabi/lib/thumb/v6-m/nofp/libc_nano.a(libc_a-findfp.o)
                0x2000022c                __stdio_exit_handler
 .bss.errno     0x20000230        0x4 /usr/lib/gcc/arm-none-eabi/15.1.0/../../../../arm-none-eabi/lib/thumb/v6-m/nofp/libc_nano.a(libc_a-reent.o)
                0x20000230                errno
 .bss.__lock___malloc_recursive_mutex
                0x20000234        0x1 /usr/lib/gcc/arm-none-eabi/15.1.0/../../../../arm-none-eabi/lib/thumb/v6-m/nofp/libc_nano.a(libc_a-lock.o)
                0x20000234                __lock___malloc_recursive_mutex
 .bss.__lock___sfp_recursive_mutex
                0x20000235        0x1 /usr/lib/gcc/arm-none-eabi/15.1.0/../../../../arm-none-eabi/lib/thumb/v6-m/nofp/libc_nano.a(libc_a-lock.o)
                0x20000235                __lock___sfp_recursive_mutex
 *fill*         0x20000236        0x2 
 .bss.__malloc_sbrk_start
                0x20000238        0x4 /usr/lib/gcc/arm-none-eabi/15.1.0/../../../../arm-none-eabi/lib/thumb/v6-m/nofp/libc_nano.a(libc_a-mallocr.o)
                0x20000238                __malloc_sbrk_start
 .bss.__malloc_free_list
                0x2000023c        0x4 /usr/lib/gcc/arm-none-eabi/15.1.0/../../../../arm-none-eabi/lib/thumb/v6-m/nofp/libc_nano.a(libc_a-mallocr.o)
                0x2000023c                __malloc_free_list
 *(COMMON)
                0x20000240                        _ebss = .
                0x20000240                        . = ALIGN (0x4)
                0x20000240                        _end = .
OUTPUT(out/samd21g18-blinky.elf elf32-littlearm)
LOAD linker stubs

.ARM.attributes
                0x00000000       0x28
 .ARM.attributes
                0x00000000       0x1e /usr/lib/gcc/arm-none-eabi/15.1.0/thumb/v6-m/nofp/crti.o
 .ARM.attributes
                0x0000001e       0x2c build/src/main.c.obj
 .ARM.attributes
                0x0000004a       0x2c build/src/drivers/i2c/i2c.c.obj
 .ARM.attributes
                0x00000076       0x2c build/src/drivers/uart/uart.c.obj
 .ARM.attributes
                0x000000a2       0x2c build/env/syscalls_min.c.obj
 .ARM.attributes
                0x000000ce       0x2c build/env/system_samd21.c.obj
 .ARM.attributes
                0x000000fa       0x2c build/env/startup_samd21_gcc.c.obj
 .ARM.attributes
                0x00000126       0x2c /usr/lib/gcc/arm-none-eabi/15.1.0/../../../../arm-none-eabi/lib/thumb/v6-m/nofp/libc_nano.a(libc_a-findfp.o)
 .ARM.attributes
                0x00000152       0x2c /usr/lib/gcc/arm-none-eabi/15.1.0/../../../../arm-none-eabi/lib/thumb/v6-m/nofp/libc_nano.a(libc_a-fwalk.o)
 .ARM.attributes
                0x0000017e       0x2c /usr/lib/gcc/arm-none-eabi/15.1.0/../../../../arm-none-eabi/lib/thumb/v6-m/nofp/libc_nano.a(libc_a-puts.o)
 .ARM.attributes
                0x000001aa       0x2c /usr/lib/gcc/arm-none-eabi/15.1.0/../../../../arm-none-eabi/lib/thumb/v6-m/nofp/libc_nano.a(libc_a-stdio.o)
 .ARM.attributes
                0x000001d6       0x2c /usr/lib/gcc/arm-none-eabi/15.1.0/../../../../arm-none-eabi/lib/thumb/v6-m/nofp/libc_nano.a(libc_a-wbuf.o)
 .ARM.attributes
                0x00000202       0x2c /usr/lib/gcc/arm-none-eabi/15.1.0/../../../../arm-none-eabi/lib/thumb/v6-m/nofp/libc_nano.a(libc_a-wsetup.o)
 .ARM.attributes
                0x0000022e       0x2c /usr/lib/gcc/arm-none-eabi/15.1.0/../../../../arm-none-eabi/lib/thumb/v6-m/nofp/libc_nano.a(libc_a-memset.o)
 .ARM.attributes
                0x0000025a       0x2c /usr/lib/gcc/arm-none-eabi/15.1.0/../../../../arm-none-eabi/lib/thumb/v6-m/nofp/libc_nano.a(libc_a-closer.o)
 .ARM.attributes
                0x00000286       0x2c /usr/lib/gcc/arm-none-eabi/15.1.0/../../../../arm-none-eabi/lib/thumb/v6-m/nofp/libc_nano.a(libc_a-reent.o)
 .ARM.attributes
                0x000002b2       0x2c /usr/lib/gcc/arm-none-eabi/15.1.0/../../../../arm-none-eabi/lib/thumb/v6-m/nofp/libc_nano.a(libc_a-impure.o)
 .ARM.attributes
                0x000002de       0x2c /usr/lib/gcc/arm-none-eabi/15.1.0/../../../../arm-none-eabi/lib/thumb/v6-m/nofp/libc_nano.a(libc_a-lseekr.o)
 .ARM.attributes
                0x0000030a       0x2c /usr/lib/gcc/arm-none-eabi/15.1.0/../../../../arm-none-eabi/lib/thumb/v6-m/nofp/libc_nano.a(libc_a-readr.o)
 .ARM.attributes
                0x00000336       0x2c /usr/lib/gcc/arm-none-eabi/15.1.0/../../../../arm-none-eabi/lib/thumb/v6-m/nofp/libc_nano.a(libc_a-writer.o)
 .ARM.attributes
                0x00000362       0x2c /usr/lib/gcc/arm-none-eabi/15.1.0/../../../../arm-none-eabi/lib/thumb/v6-m/nofp/libc_nano.a(libc_a-errno.o)
 .ARM.attributes
                0x0000038e       0x2c /usr/lib/gcc/arm-none-eabi/15.1.0/../../../../arm-none-eabi/lib/thumb/v6-m/nofp/libc_nano.a(libc_a-lock.o)
 .ARM.attributes
                0x000003ba       0x2c /usr/lib/gcc/arm-none-eabi/15.1.0/../../../../arm-none-eabi/lib/thumb/v6-m/nofp/libc_nano.a(libc_a-memcpy-stub.o)
 .ARM.attributes
                0x000003e6       0x2c /usr/lib/gcc/arm-none-eabi/15.1.0/../../../../arm-none-eabi/lib/thumb/v6-m/nofp/libc_nano.a(libc_a-freer.o)
 .ARM.attributes
                0x00000412       0x2c /usr/lib/gcc/arm-none-eabi/15.1.0/../../../../arm-none-eabi/lib/thumb/v6-m/nofp/libc_nano.a(libc_a-mallocr.o)
 .ARM.attributes
                0x0000043e       0x2c /usr/lib/gcc/arm-none-eabi/15.1.0/../../../../arm-none-eabi/lib/thumb/v6-m/nofp/libc_nano.a(libc_a-mlock.o)
 .ARM.attributes
                0x0000046a       0x2c /usr/lib/gcc/arm-none-eabi/15.1.0/../../../../arm-none-eabi/lib/thumb/v6-m/nofp/libc_nano.a(libc_a-fflush.o)
 .ARM.attributes
                0x00000496       0x2c /usr/lib/gcc/arm-none-eabi/15.1.0/../../../../arm-none-eabi/lib/thumb/v6-m/nofp/libc_nano.a(libc_a-makebuf.o)
 .ARM.attributes
                0x000004c2       0x2c /usr/lib/gcc/arm-none-eabi/15.1.0/../../../../arm-none-eabi/lib/thumb/v6-m/nofp/libc_nano.a(libc_a-fstatr.o)
 .ARM.attributes
                0x000004ee       0x2c /usr/lib/gcc/arm-none-eabi/15.1.0/../../../../arm-none-eabi/lib/thumb/v6-m/nofp/libc_nano.a(libc_a-isattyr.o)
 .ARM.attributes
                0x0000051a       0x2c /usr/lib/gcc/arm-none-eabi/15.1.0/../../../../arm-none-eabi/lib/thumb/v6-m/nofp/libc_nano.a(libc_a-sbrkr.o)
 .ARM.attributes
                0x00000546       0x1e /usr/lib/gcc/arm-none-eabi/15.1.0/thumb/v6-m/nofp/libgcc.a(_udivsi3.o)
 .ARM.attributes
                0x00000564       0x1e /usr/lib/gcc/arm-none-eabi/15.1.0/thumb/v6-m/nofp/libgcc.a(_dvmd_tls.o)
 .ARM.attributes
                0x00000582       0x2c /usr/lib/gcc/arm-none-eabi/15.1.0/thumb/v6-m/nofp/libgcc.a(mulsf3.o)
 .ARM.attributes
                0x000005ae       0x2c /usr/lib/gcc/arm-none-eabi/15.1.0/thumb/v6-m/nofp/libgcc.a(subsf3.o)
 .ARM.attributes
                0x000005da       0x2c /usr/lib/gcc/arm-none-eabi/15.1.0/thumb/v6-m/nofp/libgcc.a(floatunsisf.o)
 .ARM.attributes
                0x00000606       0x1e /usr/lib/gcc/arm-none-eabi/15.1.0/thumb/v6-m/nofp/libgcc.a(_clzsi2.o)
 .ARM.attributes
                0x00000624       0x1e /usr/lib/gcc/arm-none-eabi/15.1.0/thumb/v6-m/nofp/crtn.o

.comment        0x00000000       0x46
 .comment       0x00000000       0x46 build/src/main.c.obj
                                 0x24 (size before relaxing)
 .comment       0x00000046       0x24 build/src/drivers/i2c/i2c.c.obj
 .comment       0x00000046       0x24 build/src/drivers/uart/uart.c.obj
 .comment       0x00000046       0x24 build/env/syscalls_min.c.obj
 .comment       0x00000046       0x24 build/env/system_samd21.c.obj
 .comment       0x00000046       0x24 build/env/startup_samd21_gcc.c.obj
 .comment       0x00000046       0x24 /usr/lib/gcc/arm-none-eabi/15.1.0/../../../../arm-none-eabi/lib/thumb/v6-m/nofp/libc_nano.a(libc_a-findfp.o)
 .comment       0x00000046       0x24 /usr/lib/gcc/arm-none-eabi/15.1.0/../../../../arm-none-eabi/lib/thumb/v6-m/nofp/libc_nano.a(libc_a-fwalk.o)
 .comment       0x00000046       0x24 /usr/lib/gcc/arm-none-eabi/15.1.0/../../../../arm-none-eabi/lib/thumb/v6-m/nofp/libc_nano.a(libc_a-puts.o)
 .comment       0x00000046       0x24 /usr/lib/gcc/arm-none-eabi/15.1.0/../../../../arm-none-eabi/lib/thumb/v6-m/nofp/libc_nano.a(libc_a-stdio.o)
 .comment       0x00000046       0x24 /usr/lib/gcc/arm-none-eabi/15.1.0/../../../../arm-none-eabi/lib/thumb/v6-m/nofp/libc_nano.a(libc_a-wbuf.o)
 .comment       0x00000046       0x24 /usr/lib/gcc/arm-none-eabi/15.1.0/../../../../arm-none-eabi/lib/thumb/v6-m/nofp/libc_nano.a(libc_a-wsetup.o)
 .comment       0x00000046       0x24 /usr/lib/gcc/arm-none-eabi/15.1.0/../../../../arm-none-eabi/lib/thumb/v6-m/nofp/libc_nano.a(libc_a-memset.o)
 .comment       0x00000046       0x24 /usr/lib/gcc/arm-none-eabi/15.1.0/../../../../arm-none-eabi/lib/thumb/v6-m/nofp/libc_nano.a(libc_a-closer.o)
 .comment       0x00000046       0x24 /usr/lib/gcc/arm-none-eabi/15.1.0/../../../../arm-none-eabi/lib/thumb/v6-m/nofp/libc_nano.a(libc_a-reent.o)
 .comment       0x00000046       0x24 /usr/lib/gcc/arm-none-eabi/15.1.0/../../../../arm-none-eabi/lib/thumb/v6-m/nofp/libc_nano.a(libc_a-impure.o)
 .comment       0x00000046       0x24 /usr/lib/gcc/arm-none-eabi/15.1.0/../../../../arm-none-eabi/lib/thumb/v6-m/nofp/libc_nano.a(libc_a-lseekr.o)
 .comment       0x00000046       0x24 /usr/lib/gcc/arm-none-eabi/15.1.0/../../../../arm-none-eabi/lib/thumb/v6-m/nofp/libc_nano.a(libc_a-readr.o)
 .comment       0x00000046       0x24 /usr/lib/gcc/arm-none-eabi/15.1.0/../../../../arm-none-eabi/lib/thumb/v6-m/nofp/libc_nano.a(libc_a-writer.o)
 .comment       0x00000046       0x24 /usr/lib/gcc/arm-none-eabi/15.1.0/../../../../arm-none-eabi/lib/thumb/v6-m/nofp/libc_nano.a(libc_a-errno.o)
 .comment       0x00000046       0x24 /usr/lib/gcc/arm-none-eabi/15.1.0/../../../../arm-none-eabi/lib/thumb/v6-m/nofp/libc_nano.a(libc_a-lock.o)
 .comment       0x00000046       0x24 /usr/lib/gcc/arm-none-eabi/15.1.0/../../../../arm-none-eabi/lib/thumb/v6-m/nofp/libc_nano.a(libc_a-memcpy-stub.o)
 .comment       0x00000046       0x24 /usr/lib/gcc/arm-none-eabi/15.1.0/../../../../arm-none-eabi/lib/thumb/v6-m/nofp/libc_nano.a(libc_a-freer.o)
 .comment       0x00000046       0x24 /usr/lib/gcc/arm-none-eabi/15.1.0/../../../../arm-none-eabi/lib/thumb/v6-m/nofp/libc_nano.a(libc_a-mallocr.o)
 .comment       0x00000046       0x24 /usr/lib/gcc/arm-none-eabi/15.1.0/../../../../arm-none-eabi/lib/thumb/v6-m/nofp/libc_nano.a(libc_a-mlock.o)
 .comment       0x00000046       0x24 /usr/lib/gcc/arm-none-eabi/15.1.0/../../../../arm-none-eabi/lib/thumb/v6-m/nofp/libc_nano.a(libc_a-fflush.o)
 .comment       0x00000046       0x24 /usr/lib/gcc/arm-none-eabi/15.1.0/../../../../arm-none-eabi/lib/thumb/v6-m/nofp/libc_nano.a(libc_a-makebuf.o)
 .comment       0x00000046       0x24 /usr/lib/gcc/arm-none-eabi/15.1.0/../../../../arm-none-eabi/lib/thumb/v6-m/nofp/libc_nano.a(libc_a-fstatr.o)
 .comment       0x00000046       0x24 /usr/lib/gcc/arm-none-eabi/15.1.0/../../../../arm-none-eabi/lib/thumb/v6-m/nofp/libc_nano.a(libc_a-isattyr.o)
 .comment       0x00000046       0x24 /usr/lib/gcc/arm-none-eabi/15.1.0/../../../../arm-none-eabi/lib/thumb/v6-m/nofp/libc_nano.a(libc_a-sbrkr.o)
 .comment       0x00000046       0x24 /usr/lib/gcc/arm-none-eabi/15.1.0/thumb/v6-m/nofp/libgcc.a(mulsf3.o)
 .comment       0x00000046       0x24 /usr/lib/gcc/arm-none-eabi/15.1.0/thumb/v6-m/nofp/libgcc.a(subsf3.o)
 .comment       0x00000046       0x24 /usr/lib/gcc/arm-none-eabi/15.1.0/thumb/v6-m/nofp/libgcc.a(floatunsisf.o)

.debug_info     0x00000000    0x1305a
 .debug_info    0x00000000      0x4e2 build/src/main.c.obj
 .debug_info    0x000004e2     0x3054 build/src/drivers/i2c/i2c.c.obj
 .debug_info    0x00003536     0x2d5b build/src/drivers/uart/uart.c.obj
 .debug_info    0x00006291      0x531 build/env/syscalls_min.c.obj
 .debug_info    0x000067c2       0xc3 build/env/system_samd21.c.obj
 .debug_info    0x00006885      0x27b build/env/startup_samd21_gcc.c.obj
 .debug_info    0x00006b00      0xfaa /usr/lib/gcc/arm-none-eabi/15.1.0/../../../../arm-none-eabi/lib/thumb/v6-m/nofp/libc_nano.a(libc_a-findfp.o)
 .debug_info    0x00007aaa      0x7d7 /usr/lib/gcc/arm-none-eabi/15.1.0/../../../../arm-none-eabi/lib/thumb/v6-m/nofp/libc_nano.a(libc_a-fwalk.o)
 .debug_info    0x00008281      0x953 /usr/lib/gcc/arm-none-eabi/15.1.0/../../../../arm-none-eabi/lib/thumb/v6-m/nofp/libc_nano.a(libc_a-puts.o)
 .debug_info    0x00008bd4      0xa82 /usr/lib/gcc/arm-none-eabi/15.1.0/../../../../arm-none-eabi/lib/thumb/v6-m/nofp/libc_nano.a(libc_a-stdio.o)
 .debug_info    0x00009656      0x874 /usr/lib/gcc/arm-none-eabi/15.1.0/../../../../arm-none-eabi/lib/thumb/v6-m/nofp/libc_nano.a(libc_a-wbuf.o)
 .debug_info    0x00009eca      0x7bb /usr/lib/gcc/arm-none-eabi/15.1.0/../../../../arm-none-eabi/lib/thumb/v6-m/nofp/libc_nano.a(libc_a-wsetup.o)
 .debug_info    0x0000a685       0xe0 /usr/lib/gcc/arm-none-eabi/15.1.0/../../../../arm-none-eabi/lib/thumb/v6-m/nofp/libc_nano.a(libc_a-memset.o)
 .debug_info    0x0000a765      0x75d /usr/lib/gcc/arm-none-eabi/15.1.0/../../../../arm-none-eabi/lib/thumb/v6-m/nofp/libc_nano.a(libc_a-closer.o)
 .debug_info    0x0000aec2      0x89a /usr/lib/gcc/arm-none-eabi/15.1.0/../../../../arm-none-eabi/lib/thumb/v6-m/nofp/libc_nano.a(libc_a-reent.o)
 .debug_info    0x0000b75c      0x715 /usr/lib/gcc/arm-none-eabi/15.1.0/../../../../arm-none-eabi/lib/thumb/v6-m/nofp/libc_nano.a(libc_a-impure.o)
 .debug_info    0x0000be71      0x7a8 /usr/lib/gcc/arm-none-eabi/15.1.0/../../../../arm-none-eabi/lib/thumb/v6-m/nofp/libc_nano.a(libc_a-lseekr.o)
 .debug_info    0x0000c619      0x7bf /usr/lib/gcc/arm-none-eabi/15.1.0/../../../../arm-none-eabi/lib/thumb/v6-m/nofp/libc_nano.a(libc_a-readr.o)
 .debug_info    0x0000cdd8      0x7c5 /usr/lib/gcc/arm-none-eabi/15.1.0/../../../../arm-none-eabi/lib/thumb/v6-m/nofp/libc_nano.a(libc_a-writer.o)
 .debug_info    0x0000d59d      0x6fb /usr/lib/gcc/arm-none-eabi/15.1.0/../../../../arm-none-eabi/lib/thumb/v6-m/nofp/libc_nano.a(libc_a-errno.o)
 .debug_info    0x0000dc98      0x218 /usr/lib/gcc/arm-none-eabi/15.1.0/../../../../arm-none-eabi/lib/thumb/v6-m/nofp/libc_nano.a(libc_a-lock.o)
 .debug_info    0x0000deb0      0x11b /usr/lib/gcc/arm-none-eabi/15.1.0/../../../../arm-none-eabi/lib/thumb/v6-m/nofp/libc_nano.a(libc_a-memcpy-stub.o)
 .debug_info    0x0000dfcb      0x84a /usr/lib/gcc/arm-none-eabi/15.1.0/../../../../arm-none-eabi/lib/thumb/v6-m/nofp/libc_nano.a(libc_a-freer.o)
 .debug_info    0x0000e815      0x9c8 /usr/lib/gcc/arm-none-eabi/15.1.0/../../../../arm-none-eabi/lib/thumb/v6-m/nofp/libc_nano.a(libc_a-mallocr.o)
 .debug_info    0x0000f1dd      0x76b /usr/lib/gcc/arm-none-eabi/15.1.0/../../../../arm-none-eabi/lib/thumb/v6-m/nofp/libc_nano.a(libc_a-mlock.o)
 .debug_info    0x0000f948      0x9f3 /usr/lib/gcc/arm-none-eabi/15.1.0/../../../../arm-none-eabi/lib/thumb/v6-m/nofp/libc_nano.a(libc_a-fflush.o)
 .debug_info    0x0001033b      0xb15 /usr/lib/gcc/arm-none-eabi/15.1.0/../../../../arm-none-eabi/lib/thumb/v6-m/nofp/libc_nano.a(libc_a-makebuf.o)
 .debug_info    0x00010e50      0x981 /usr/lib/gcc/arm-none-eabi/15.1.0/../../../../arm-none-eabi/lib/thumb/v6-m/nofp/libc_nano.a(libc_a-fstatr.o)
 .debug_info    0x000117d1      0x75d /usr/lib/gcc/arm-none-eabi/15.1.0/../../../../arm-none-eabi/lib/thumb/v6-m/nofp/libc_nano.a(libc_a-isattyr.o)
 .debug_info    0x00011f2e      0x782 /usr/lib/gcc/arm-none-eabi/15.1.0/../../../../arm-none-eabi/lib/thumb/v6-m/nofp/libc_nano.a(libc_a-sbrkr.o)
 .debug_info    0x000126b0       0x3e /usr/lib/gcc/arm-none-eabi/15.1.0/thumb/v6-m/nofp/libgcc.a(_udivsi3.o)
 .debug_info    0x000126ee       0x3c /usr/lib/gcc/arm-none-eabi/15.1.0/thumb/v6-m/nofp/libgcc.a(_dvmd_tls.o)
 .debug_info    0x0001272a      0x3ae /usr/lib/gcc/arm-none-eabi/15.1.0/thumb/v6-m/nofp/libgcc.a(mulsf3.o)
 .debug_info    0x00012ad8      0x32f /usr/lib/gcc/arm-none-eabi/15.1.0/thumb/v6-m/nofp/libgcc.a(subsf3.o)
 .debug_info    0x00012e07      0x222 /usr/lib/gcc/arm-none-eabi/15.1.0/thumb/v6-m/nofp/libgcc.a(floatunsisf.o)
 .debug_info    0x00013029       0x31 /usr/lib/gcc/arm-none-eabi/15.1.0/thumb/v6-m/nofp/libgcc.a(_clzsi2.o)

.debug_abbrev   0x00000000     0x3d99
 .debug_abbrev  0x00000000      0x1f7 build/src/main.c.obj
 .debug_abbrev  0x000001f7      0x386 build/src/drivers/i2c/i2c.c.obj
 .debug_abbrev  0x0000057d      0x29e build/src/drivers/uart/uart.c.obj
 .debug_abbrev  0x0000081b      0x1ab build/env/syscalls_min.c.obj
 .debug_abbrev  0x000009c6       0x90 build/env/system_samd21.c.obj
 .debug_abbrev  0x00000a56      0x19e build/env/startup_samd21_gcc.c.obj
 .debug_abbrev  0x00000bf4      0x405 /usr/lib/gcc/arm-none-eabi/15.1.0/../../../../arm-none-eabi/lib/thumb/v6-m/nofp/libc_nano.a(libc_a-findfp.o)
 .debug_abbrev  0x00000ff9      0x19e /usr/lib/gcc/arm-none-eabi/15.1.0/../../../../arm-none-eabi/lib/thumb/v6-m/nofp/libc_nano.a(libc_a-fwalk.o)
 .debug_abbrev  0x00001197      0x294 /usr/lib/gcc/arm-none-eabi/15.1.0/../../../../arm-none-eabi/lib/thumb/v6-m/nofp/libc_nano.a(libc_a-puts.o)
 .debug_abbrev  0x0000142b      0x206 /usr/lib/gcc/arm-none-eabi/15.1.0/../../../../arm-none-eabi/lib/thumb/v6-m/nofp/libc_nano.a(libc_a-stdio.o)
 .debug_abbrev  0x00001631      0x221 /usr/lib/gcc/arm-none-eabi/15.1.0/../../../../arm-none-eabi/lib/thumb/v6-m/nofp/libc_nano.a(libc_a-wbuf.o)
 .debug_abbrev  0x00001852      0x1e2 /usr/lib/gcc/arm-none-eabi/15.1.0/../../../../arm-none-eabi/lib/thumb/v6-m/nofp/libc_nano.a(libc_a-wsetup.o)
 .debug_abbrev  0x00001a34       0x9e /usr/lib/gcc/arm-none-eabi/15.1.0/../../../../arm-none-eabi/lib/thumb/v6-m/nofp/libc_nano.a(libc_a-memset.o)
 .debug_abbrev  0x00001ad2      0x1b0 /usr/lib/gcc/arm-none-eabi/15.1.0/../../../../arm-none-eabi/lib/thumb/v6-m/nofp/libc_nano.a(libc_a-closer.o)
 .debug_abbrev  0x00001c82      0x1f4 /usr/lib/gcc/arm-none-eabi/15.1.0/../../../../arm-none-eabi/lib/thumb/v6-m/nofp/libc_nano.a(libc_a-reent.o)
 .debug_abbrev  0x00001e76      0x149 /usr/lib/gcc/arm-none-eabi/15.1.0/../../../../arm-none-eabi/lib/thumb/v6-m/nofp/libc_nano.a(libc_a-impure.o)
 .debug_abbrev  0x00001fbf      0x1c4 /usr/lib/gcc/arm-none-eabi/15.1.0/../../../../arm-none-eabi/lib/thumb/v6-m/nofp/libc_nano.a(libc_a-lseekr.o)
 .debug_abbrev  0x00002183      0x1b0 /usr/lib/gcc/arm-none-eabi/15.1.0/../../../../arm-none-eabi/lib/thumb/v6-m/nofp/libc_nano.a(libc_a-readr.o)
 .debug_abbrev  0x00002333      0x1b5 /usr/lib/gcc/arm-none-eabi/15.1.0/../../../../arm-none-eabi/lib/thumb/v6-m/nofp/libc_nano.a(libc_a-writer.o)
 .debug_abbrev  0x000024e8      0x15e /usr/lib/gcc/arm-none-eabi/15.1.0/../../../../arm-none-eabi/lib/thumb/v6-m/nofp/libc_nano.a(libc_a-errno.o)
 .debug_abbrev  0x00002646      0x115 /usr/lib/gcc/arm-none-eabi/15.1.0/../../../../arm-none-eabi/lib/thumb/v6-m/nofp/libc_nano.a(libc_a-lock.o)
 .debug_abbrev  0x0000275b       0xc1 /usr/lib/gcc/arm-none-eabi/15.1.0/../../../../arm-none-eabi/lib/thumb/v6-m/nofp/libc_nano.a(libc_a-memcpy-stub.o)
 .debug_abbrev  0x0000281c      0x233 /usr/lib/gcc/arm-none-eabi/15.1.0/../../../../arm-none-eabi/lib/thumb/v6-m/nofp/libc_nano.a(libc_a-freer.o)
 .debug_abbrev  0x00002a4f      0x241 /usr/lib/gcc/arm-none-eabi/15.1.0/../../../../arm-none-eabi/lib/thumb/v6-m/nofp/libc_nano.a(libc_a-mallocr.o)
 .debug_abbrev  0x00002c90      0x1bc /usr/lib/gcc/arm-none-eabi/15.1.0/../../../../arm-none-eabi/lib/thumb/v6-m/nofp/libc_nano.a(libc_a-mlock.o)
 .debug_abbrev  0x00002e4c      0x298 /usr/lib/gcc/arm-none-eabi/15.1.0/../../../../arm-none-eabi/lib/thumb/v6-m/nofp/libc_nano.a(libc_a-fflush.o)
 .debug_abbrev  0x000030e4      0x290 /usr/lib/gcc/arm-none-eabi/15.1.0/../../../../arm-none-eabi/lib/thumb/v6-m/nofp/libc_nano.a(libc_a-makebuf.o)
 .debug_abbrev  0x00003374      0x1c3 /usr/lib/gcc/arm-none-eabi/15.1.0/../../../../arm-none-eabi/lib/thumb/v6-m/nofp/libc_nano.a(libc_a-fstatr.o)
 .debug_abbrev  0x00003537      0x1b0 /usr/lib/gcc/arm-none-eabi/15.1.0/../../../../arm-none-eabi/lib/thumb/v6-m/nofp/libc_nano.a(libc_a-isattyr.o)
 .debug_abbrev  0x000036e7      0x1da /usr/lib/gcc/arm-none-eabi/15.1.0/../../../../arm-none-eabi/lib/thumb/v6-m/nofp/libc_nano.a(libc_a-sbrkr.o)
 .debug_abbrev  0x000038c1       0x28 /usr/lib/gcc/arm-none-eabi/15.1.0/thumb/v6-m/nofp/libgcc.a(_udivsi3.o)
 .debug_abbrev  0x000038e9       0x26 /usr/lib/gcc/arm-none-eabi/15.1.0/thumb/v6-m/nofp/libgcc.a(_dvmd_tls.o)
 .debug_abbrev  0x0000390f      0x16a /usr/lib/gcc/arm-none-eabi/15.1.0/thumb/v6-m/nofp/libgcc.a(mulsf3.o)
 .debug_abbrev  0x00003a79      0x172 /usr/lib/gcc/arm-none-eabi/15.1.0/thumb/v6-m/nofp/libgcc.a(subsf3.o)
 .debug_abbrev  0x00003beb      0x186 /usr/lib/gcc/arm-none-eabi/15.1.0/thumb/v6-m/nofp/libgcc.a(floatunsisf.o)
 .debug_abbrev  0x00003d71       0x28 /usr/lib/gcc/arm-none-eabi/15.1.0/thumb/v6-m/nofp/libgcc.a(_clzsi2.o)

.debug_loclists
                0x00000000     0x3365
 .debug_loclists
                0x00000000      0x15d build/src/main.c.obj
 .debug_loclists
                0x0000015d      0x382 build/src/drivers/i2c/i2c.c.obj
 .debug_loclists
                0x000004df       0xa8 build/src/drivers/uart/uart.c.obj
 .debug_loclists
                0x00000587      0x1e2 build/env/syscalls_min.c.obj
 .debug_loclists
                0x00000769      0x2c8 /usr/lib/gcc/arm-none-eabi/15.1.0/../../../../arm-none-eabi/lib/thumb/v6-m/nofp/libc_nano.a(libc_a-findfp.o)
 .debug_loclists
                0x00000a31       0xb6 /usr/lib/gcc/arm-none-eabi/15.1.0/../../../../arm-none-eabi/lib/thumb/v6-m/nofp/libc_nano.a(libc_a-fwalk.o)
 .debug_loclists
                0x00000ae7      0x1bf /usr/lib/gcc/arm-none-eabi/15.1.0/../../../../arm-none-eabi/lib/thumb/v6-m/nofp/libc_nano.a(libc_a-puts.o)
 .debug_loclists
                0x00000ca6      0x2af /usr/lib/gcc/arm-none-eabi/15.1.0/../../../../arm-none-eabi/lib/thumb/v6-m/nofp/libc_nano.a(libc_a-stdio.o)
 .debug_loclists
                0x00000f55      0x11f /usr/lib/gcc/arm-none-eabi/15.1.0/../../../../arm-none-eabi/lib/thumb/v6-m/nofp/libc_nano.a(libc_a-wbuf.o)
 .debug_loclists
                0x00001074       0x6f /usr/lib/gcc/arm-none-eabi/15.1.0/../../../../arm-none-eabi/lib/thumb/v6-m/nofp/libc_nano.a(libc_a-wsetup.o)
 .debug_loclists
                0x000010e3       0x80 /usr/lib/gcc/arm-none-eabi/15.1.0/../../../../arm-none-eabi/lib/thumb/v6-m/nofp/libc_nano.a(libc_a-memset.o)
 .debug_loclists
                0x00001163       0x58 /usr/lib/gcc/arm-none-eabi/15.1.0/../../../../arm-none-eabi/lib/thumb/v6-m/nofp/libc_nano.a(libc_a-closer.o)
 .debug_loclists
                0x000011bb       0x78 /usr/lib/gcc/arm-none-eabi/15.1.0/../../../../arm-none-eabi/lib/thumb/v6-m/nofp/libc_nano.a(libc_a-reent.o)
 .debug_loclists
                0x00001233       0xa7 /usr/lib/gcc/arm-none-eabi/15.1.0/../../../../arm-none-eabi/lib/thumb/v6-m/nofp/libc_nano.a(libc_a-lseekr.o)
 .debug_loclists
                0x000012da       0xa7 /usr/lib/gcc/arm-none-eabi/15.1.0/../../../../arm-none-eabi/lib/thumb/v6-m/nofp/libc_nano.a(libc_a-readr.o)
 .debug_loclists
                0x00001381       0xa7 /usr/lib/gcc/arm-none-eabi/15.1.0/../../../../arm-none-eabi/lib/thumb/v6-m/nofp/libc_nano.a(libc_a-writer.o)
 .debug_loclists
                0x00001428       0x29 /usr/lib/gcc/arm-none-eabi/15.1.0/../../../../arm-none-eabi/lib/thumb/v6-m/nofp/libc_nano.a(libc_a-lock.o)
 .debug_loclists
                0x00001451       0xaf /usr/lib/gcc/arm-none-eabi/15.1.0/../../../../arm-none-eabi/lib/thumb/v6-m/nofp/libc_nano.a(libc_a-memcpy-stub.o)
 .debug_loclists
                0x00001500       0xc8 /usr/lib/gcc/arm-none-eabi/15.1.0/../../../../arm-none-eabi/lib/thumb/v6-m/nofp/libc_nano.a(libc_a-freer.o)
 .debug_loclists
                0x000015c8      0x288 /usr/lib/gcc/arm-none-eabi/15.1.0/../../../../arm-none-eabi/lib/thumb/v6-m/nofp/libc_nano.a(libc_a-mallocr.o)
 .debug_loclists
                0x00001850       0x46 /usr/lib/gcc/arm-none-eabi/15.1.0/../../../../arm-none-eabi/lib/thumb/v6-m/nofp/libc_nano.a(libc_a-mlock.o)
 .debug_loclists
                0x00001896      0x240 /usr/lib/gcc/arm-none-eabi/15.1.0/../../../../arm-none-eabi/lib/thumb/v6-m/nofp/libc_nano.a(libc_a-fflush.o)
 .debug_loclists
                0x00001ad6      0x18f /usr/lib/gcc/arm-none-eabi/15.1.0/../../../../arm-none-eabi/lib/thumb/v6-m/nofp/libc_nano.a(libc_a-makebuf.o)
 .debug_loclists
                0x00001c65       0x7c /usr/lib/gcc/arm-none-eabi/15.1.0/../../../../arm-none-eabi/lib/thumb/v6-m/nofp/libc_nano.a(libc_a-fstatr.o)
 .debug_loclists
                0x00001ce1       0x58 /usr/lib/gcc/arm-none-eabi/15.1.0/../../../../arm-none-eabi/lib/thumb/v6-m/nofp/libc_nano.a(libc_a-isattyr.o)
 .debug_loclists
                0x00001d39       0x58 /usr/lib/gcc/arm-none-eabi/15.1.0/../../../../arm-none-eabi/lib/thumb/v6-m/nofp/libc_nano.a(libc_a-sbrkr.o)
 .debug_loclists
                0x00001d91      0x672 /usr/lib/gcc/arm-none-eabi/15.1.0/thumb/v6-m/nofp/libgcc.a(mulsf3.o)
 .debug_loclists
                0x00002403      0xdb7 /usr/lib/gcc/arm-none-eabi/15.1.0/thumb/v6-m/nofp/libgcc.a(subsf3.o)
 .debug_loclists
                0x000031ba      0x1ab /usr/lib/gcc/arm-none-eabi/15.1.0/thumb/v6-m/nofp/libgcc.a(floatunsisf.o)

.debug_aranges  0x00000000      0x630
 .debug_aranges
                0x00000000       0x28 build/src/main.c.obj
 .debug_aranges
                0x00000028       0x68 build/src/drivers/i2c/i2c.c.obj
 .debug_aranges
                0x00000090       0x48 build/src/drivers/uart/uart.c.obj
 .debug_aranges
                0x000000d8       0x58 build/env/syscalls_min.c.obj
 .debug_aranges
                0x00000130       0x28 build/env/system_samd21.c.obj
 .debug_aranges
                0x00000158       0x28 build/env/startup_samd21_gcc.c.obj
 .debug_aranges
                0x00000180       0x78 /usr/lib/gcc/arm-none-eabi/15.1.0/../../../../arm-none-eabi/lib/thumb/v6-m/nofp/libc_nano.a(libc_a-findfp.o)
 .debug_aranges
                0x000001f8       0x20 /usr/lib/gcc/arm-none-eabi/15.1.0/../../../../arm-none-eabi/lib/thumb/v6-m/nofp/libc_nano.a(libc_a-fwalk.o)
 .debug_aranges
                0x00000218       0x28 /usr/lib/gcc/arm-none-eabi/15.1.0/../../../../arm-none-eabi/lib/thumb/v6-m/nofp/libc_nano.a(libc_a-puts.o)
 .debug_aranges
                0x00000240       0x40 /usr/lib/gcc/arm-none-eabi/15.1.0/../../../../arm-none-eabi/lib/thumb/v6-m/nofp/libc_nano.a(libc_a-stdio.o)
 .debug_aranges
                0x00000280       0x28 /usr/lib/gcc/arm-none-eabi/15.1.0/../../../../arm-none-eabi/lib/thumb/v6-m/nofp/libc_nano.a(libc_a-wbuf.o)
 .debug_aranges
                0x000002a8       0x20 /usr/lib/gcc/arm-none-eabi/15.1.0/../../../../arm-none-eabi/lib/thumb/v6-m/nofp/libc_nano.a(libc_a-wsetup.o)
 .debug_aranges
                0x000002c8       0x20 /usr/lib/gcc/arm-none-eabi/15.1.0/../../../../arm-none-eabi/lib/thumb/v6-m/nofp/libc_nano.a(libc_a-memset.o)
 .debug_aranges
                0x000002e8       0x20 /usr/lib/gcc/arm-none-eabi/15.1.0/../../../../arm-none-eabi/lib/thumb/v6-m/nofp/libc_nano.a(libc_a-closer.o)
 .debug_aranges
                0x00000308       0x20 /usr/lib/gcc/arm-none-eabi/15.1.0/../../../../arm-none-eabi/lib/thumb/v6-m/nofp/libc_nano.a(libc_a-reent.o)
 .debug_aranges
                0x00000328       0x18 /usr/lib/gcc/arm-none-eabi/15.1.0/../../../../arm-none-eabi/lib/thumb/v6-m/nofp/libc_nano.a(libc_a-impure.o)
 .debug_aranges
                0x00000340       0x20 /usr/lib/gcc/arm-none-eabi/15.1.0/../../../../arm-none-eabi/lib/thumb/v6-m/nofp/libc_nano.a(libc_a-lseekr.o)
 .debug_aranges
                0x00000360       0x20 /usr/lib/gcc/arm-none-eabi/15.1.0/../../../../arm-none-eabi/lib/thumb/v6-m/nofp/libc_nano.a(libc_a-readr.o)
 .debug_aranges
                0x00000380       0x20 /usr/lib/gcc/arm-none-eabi/15.1.0/../../../../arm-none-eabi/lib/thumb/v6-m/nofp/libc_nano.a(libc_a-writer.o)
 .debug_aranges
                0x000003a0       0x20 /usr/lib/gcc/arm-none-eabi/15.1.0/../../../../arm-none-eabi/lib/thumb/v6-m/nofp/libc_nano.a(libc_a-errno.o)
 .debug_aranges
                0x000003c0       0x68 /usr/lib/gcc/arm-none-eabi/15.1.0/../../../../arm-none-eabi/lib/thumb/v6-m/nofp/libc_nano.a(libc_a-lock.o)
 .debug_aranges
                0x00000428       0x20 /usr/lib/gcc/arm-none-eabi/15.1.0/../../../../arm-none-eabi/lib/thumb/v6-m/nofp/libc_nano.a(libc_a-memcpy-stub.o)
 .debug_aranges
                0x00000448       0x20 /usr/lib/gcc/arm-none-eabi/15.1.0/../../../../arm-none-eabi/lib/thumb/v6-m/nofp/libc_nano.a(libc_a-freer.o)
 .debug_aranges
                0x00000468       0x28 /usr/lib/gcc/arm-none-eabi/15.1.0/../../../../arm-none-eabi/lib/thumb/v6-m/nofp/libc_nano.a(libc_a-mallocr.o)
 .debug_aranges
                0x00000490       0x28 /usr/lib/gcc/arm-none-eabi/15.1.0/../../../../arm-none-eabi/lib/thumb/v6-m/nofp/libc_nano.a(libc_a-mlock.o)
 .debug_aranges
                0x000004b8       0x30 /usr/lib/gcc/arm-none-eabi/15.1.0/../../../../arm-none-eabi/lib/thumb/v6-m/nofp/libc_nano.a(libc_a-fflush.o)
 .debug_aranges
                0x000004e8       0x28 /usr/lib/gcc/arm-none-eabi/15.1.0/../../../../arm-none-eabi/lib/thumb/v6-m/nofp/libc_nano.a(libc_a-makebuf.o)
 .debug_aranges
                0x00000510       0x20 /usr/lib/gcc/arm-none-eabi/15.1.0/../../../../arm-none-eabi/lib/thumb/v6-m/nofp/libc_nano.a(libc_a-fstatr.o)
 .debug_aranges
                0x00000530       0x20 /usr/lib/gcc/arm-none-eabi/15.1.0/../../../../arm-none-eabi/lib/thumb/v6-m/nofp/libc_nano.a(libc_a-isattyr.o)
 .debug_aranges
                0x00000550       0x20 /usr/lib/gcc/arm-none-eabi/15.1.0/../../../../arm-none-eabi/lib/thumb/v6-m/nofp/libc_nano.a(libc_a-sbrkr.o)
 .debug_aranges
                0x00000570       0x20 /usr/lib/gcc/arm-none-eabi/15.1.0/thumb/v6-m/nofp/libgcc.a(_udivsi3.o)
 .debug_aranges
                0x00000590       0x20 /usr/lib/gcc/arm-none-eabi/15.1.0/thumb/v6-m/nofp/libgcc.a(_dvmd_tls.o)
 .debug_aranges
                0x000005b0       0x20 /usr/lib/gcc/arm-none-eabi/15.1.0/thumb/v6-m/nofp/libgcc.a(mulsf3.o)
 .debug_aranges
                0x000005d0       0x20 /usr/lib/gcc/arm-none-eabi/15.1.0/thumb/v6-m/nofp/libgcc.a(subsf3.o)
 .debug_aranges
                0x000005f0       0x20 /usr/lib/gcc/arm-none-eabi/15.1.0/thumb/v6-m/nofp/libgcc.a(floatunsisf.o)
 .debug_aranges
                0x00000610       0x20 /usr/lib/gcc/arm-none-eabi/15.1.0/thumb/v6-m/nofp/libgcc.a(_clzsi2.o)

.debug_rnglists
                0x00000000      0x73c
 .debug_rnglists
                0x00000000       0x1a build/src/main.c.obj
 .debug_rnglists
                0x0000001a       0x8a build/src/drivers/i2c/i2c.c.obj
 .debug_rnglists
                0x000000a4       0x3e build/src/drivers/uart/uart.c.obj
 .debug_rnglists
                0x000000e2       0x3d build/env/syscalls_min.c.obj
 .debug_rnglists
                0x0000011f       0x19 build/env/system_samd21.c.obj
 .debug_rnglists
                0x00000138       0x19 build/env/startup_samd21_gcc.c.obj
 .debug_rnglists
                0x00000151       0x6e /usr/lib/gcc/arm-none-eabi/15.1.0/../../../../arm-none-eabi/lib/thumb/v6-m/nofp/libc_nano.a(libc_a-findfp.o)
 .debug_rnglists
                0x000001bf       0x13 /usr/lib/gcc/arm-none-eabi/15.1.0/../../../../arm-none-eabi/lib/thumb/v6-m/nofp/libc_nano.a(libc_a-fwalk.o)
 .debug_rnglists
                0x000001d2       0x44 /usr/lib/gcc/arm-none-eabi/15.1.0/../../../../arm-none-eabi/lib/thumb/v6-m/nofp/libc_nano.a(libc_a-puts.o)
 .debug_rnglists
                0x00000216       0x2b /usr/lib/gcc/arm-none-eabi/15.1.0/../../../../arm-none-eabi/lib/thumb/v6-m/nofp/libc_nano.a(libc_a-stdio.o)
 .debug_rnglists
                0x00000241       0x26 /usr/lib/gcc/arm-none-eabi/15.1.0/../../../../arm-none-eabi/lib/thumb/v6-m/nofp/libc_nano.a(libc_a-wbuf.o)
 .debug_rnglists
                0x00000267       0x23 /usr/lib/gcc/arm-none-eabi/15.1.0/../../../../arm-none-eabi/lib/thumb/v6-m/nofp/libc_nano.a(libc_a-wsetup.o)
 .debug_rnglists
                0x0000028a       0x13 /usr/lib/gcc/arm-none-eabi/15.1.0/../../../../arm-none-eabi/lib/thumb/v6-m/nofp/libc_nano.a(libc_a-memset.o)
 .debug_rnglists
                0x0000029d       0x13 /usr/lib/gcc/arm-none-eabi/15.1.0/../../../../arm-none-eabi/lib/thumb/v6-m/nofp/libc_nano.a(libc_a-closer.o)
 .debug_rnglists
                0x000002b0       0x2c /usr/lib/gcc/arm-none-eabi/15.1.0/../../../../arm-none-eabi/lib/thumb/v6-m/nofp/libc_nano.a(libc_a-reent.o)
 .debug_rnglists
                0x000002dc       0x13 /usr/lib/gcc/arm-none-eabi/15.1.0/../../../../arm-none-eabi/lib/thumb/v6-m/nofp/libc_nano.a(libc_a-lseekr.o)
 .debug_rnglists
                0x000002ef       0x13 /usr/lib/gcc/arm-none-eabi/15.1.0/../../../../arm-none-eabi/lib/thumb/v6-m/nofp/libc_nano.a(libc_a-readr.o)
 .debug_rnglists
                0x00000302       0x13 /usr/lib/gcc/arm-none-eabi/15.1.0/../../../../arm-none-eabi/lib/thumb/v6-m/nofp/libc_nano.a(libc_a-writer.o)
 .debug_rnglists
                0x00000315       0x13 /usr/lib/gcc/arm-none-eabi/15.1.0/../../../../arm-none-eabi/lib/thumb/v6-m/nofp/libc_nano.a(libc_a-errno.o)
 .debug_rnglists
                0x00000328       0x49 /usr/lib/gcc/arm-none-eabi/15.1.0/../../../../arm-none-eabi/lib/thumb/v6-m/nofp/libc_nano.a(libc_a-lock.o)
 .debug_rnglists
                0x00000371       0x13 /usr/lib/gcc/arm-none-eabi/15.1.0/../../../../arm-none-eabi/lib/thumb/v6-m/nofp/libc_nano.a(libc_a-memcpy-stub.o)
 .debug_rnglists
                0x00000384       0x14 /usr/lib/gcc/arm-none-eabi/15.1.0/../../../../arm-none-eabi/lib/thumb/v6-m/nofp/libc_nano.a(libc_a-freer.o)
 .debug_rnglists
                0x00000398       0x2c /usr/lib/gcc/arm-none-eabi/15.1.0/../../../../arm-none-eabi/lib/thumb/v6-m/nofp/libc_nano.a(libc_a-mallocr.o)
 .debug_rnglists
                0x000003c4       0x19 /usr/lib/gcc/arm-none-eabi/15.1.0/../../../../arm-none-eabi/lib/thumb/v6-m/nofp/libc_nano.a(libc_a-mlock.o)
 .debug_rnglists
                0x000003dd       0x40 /usr/lib/gcc/arm-none-eabi/15.1.0/../../../../arm-none-eabi/lib/thumb/v6-m/nofp/libc_nano.a(libc_a-fflush.o)
 .debug_rnglists
                0x0000041d       0x25 /usr/lib/gcc/arm-none-eabi/15.1.0/../../../../arm-none-eabi/lib/thumb/v6-m/nofp/libc_nano.a(libc_a-makebuf.o)
 .debug_rnglists
                0x00000442       0x13 /usr/lib/gcc/arm-none-eabi/15.1.0/../../../../arm-none-eabi/lib/thumb/v6-m/nofp/libc_nano.a(libc_a-fstatr.o)
 .debug_rnglists
                0x00000455       0x13 /usr/lib/gcc/arm-none-eabi/15.1.0/../../../../arm-none-eabi/lib/thumb/v6-m/nofp/libc_nano.a(libc_a-isattyr.o)
 .debug_rnglists
                0x00000468       0x13 /usr/lib/gcc/arm-none-eabi/15.1.0/../../../../arm-none-eabi/lib/thumb/v6-m/nofp/libc_nano.a(libc_a-sbrkr.o)
 .debug_rnglists
                0x0000047b       0x83 /usr/lib/gcc/arm-none-eabi/15.1.0/thumb/v6-m/nofp/libgcc.a(mulsf3.o)
 .debug_rnglists
                0x000004fe      0x206 /usr/lib/gcc/arm-none-eabi/15.1.0/thumb/v6-m/nofp/libgcc.a(subsf3.o)
 .debug_rnglists
                0x00000704       0x38 /usr/lib/gcc/arm-none-eabi/15.1.0/thumb/v6-m/nofp/libgcc.a(floatunsisf.o)

.debug_macro    0x00000000    0x130b0
 .debug_macro   0x00000000      0x439 build/src/main.c.obj
 .debug_macro   0x00000439      0xac0 build/src/main.c.obj
 .debug_macro   0x00000ef9       0x22 build/src/main.c.obj
 .debug_macro   0x00000f1b       0x56 build/src/main.c.obj
 .debug_macro   0x00000f71       0x51 build/src/main.c.obj
 .debug_macro   0x00000fc2      0x103 build/src/main.c.obj
 .debug_macro   0x000010c5       0x6a build/src/main.c.obj
 .debug_macro   0x0000112f      0x1df build/src/main.c.obj
 .debug_macro   0x0000130e       0x40 build/src/main.c.obj
 .debug_macro   0x0000134e       0x2e build/src/main.c.obj
 .debug_macro   0x0000137c       0x10 build/src/main.c.obj
 .debug_macro   0x0000138c       0x2e build/src/main.c.obj
 .debug_macro   0x000013ba       0xb4 build/src/main.c.obj
 .debug_macro   0x0000146e       0x28 build/src/main.c.obj
 .debug_macro   0x00001496      0x3bc build/src/main.c.obj
 .debug_macro   0x00001852      0x67d build/src/main.c.obj
 .debug_macro   0x00001ecf      0x8b0 build/src/main.c.obj
 .debug_macro   0x0000277f      0x22e build/src/main.c.obj
 .debug_macro   0x000029ad      0xd5c build/src/main.c.obj
 .debug_macro   0x00003709      0x4c6 build/src/main.c.obj
 .debug_macro   0x00003bcf      0x9f6 build/src/main.c.obj
 .debug_macro   0x000045c5      0x82a build/src/main.c.obj
 .debug_macro   0x00004def      0x450 build/src/main.c.obj
 .debug_macro   0x0000523f       0x5e build/src/main.c.obj
 .debug_macro   0x0000529d      0x8f8 build/src/main.c.obj
 .debug_macro   0x00005b95      0x21c build/src/main.c.obj
 .debug_macro   0x00005db1      0x734 build/src/main.c.obj
 .debug_macro   0x000064e5       0x5e build/src/main.c.obj
 .debug_macro   0x00006543      0x631 build/src/main.c.obj
 .debug_macro   0x00006b74      0x3ab build/src/main.c.obj
 .debug_macro   0x00006f1f      0xc75 build/src/main.c.obj
 .debug_macro   0x00007b94     0x1092 build/src/main.c.obj
 .debug_macro   0x00008c26      0xc4a build/src/main.c.obj
 .debug_macro   0x00009870      0x6ba build/src/main.c.obj
 .debug_macro   0x00009f2a     0x1b3c build/src/main.c.obj
 .debug_macro   0x0000ba66     0x143b build/src/main.c.obj
 .debug_macro   0x0000cea1      0x33f build/src/main.c.obj
 .debug_macro   0x0000d1e0       0x7c build/src/main.c.obj
 .debug_macro   0x0000d25c       0xa0 build/src/main.c.obj
 .debug_macro   0x0000d2fc       0x4c build/src/main.c.obj
 .debug_macro   0x0000d348       0xca build/src/main.c.obj
 .debug_macro   0x0000d412       0x94 build/src/main.c.obj
 .debug_macro   0x0000d4a6       0x58 build/src/main.c.obj
 .debug_macro   0x0000d4fe      0x340 build/src/main.c.obj
 .debug_macro   0x0000d83e       0x82 build/src/main.c.obj
 .debug_macro   0x0000d8c0      0x188 build/src/main.c.obj
 .debug_macro   0x0000da48       0xb8 build/src/main.c.obj
 .debug_macro   0x0000db00       0xa0 build/src/main.c.obj
 .debug_macro   0x0000dba0       0xb2 build/src/main.c.obj
 .debug_macro   0x0000dc52       0x1c build/src/main.c.obj
 .debug_macro   0x0000dc6e       0x1c build/src/main.c.obj
 .debug_macro   0x0000dc8a       0x1c build/src/main.c.obj
 .debug_macro   0x0000dca6       0x7c build/src/main.c.obj
 .debug_macro   0x0000dd22      0x15a build/src/main.c.obj
 .debug_macro   0x0000de7c       0xdc build/src/main.c.obj
 .debug_macro   0x0000df58      0x124 build/src/main.c.obj
 .debug_macro   0x0000e07c      0x124 build/src/main.c.obj
 .debug_macro   0x0000e1a0      0x124 build/src/main.c.obj
 .debug_macro   0x0000e2c4      0x124 build/src/main.c.obj
 .debug_macro   0x0000e3e8      0x124 build/src/main.c.obj
 .debug_macro   0x0000e50c      0x124 build/src/main.c.obj
 .debug_macro   0x0000e630      0x124 build/src/main.c.obj
 .debug_macro   0x0000e754       0xe2 build/src/main.c.obj
 .debug_macro   0x0000e836       0xe2 build/src/main.c.obj
 .debug_macro   0x0000e918       0xe2 build/src/main.c.obj
 .debug_macro   0x0000e9fa      0x12a build/src/main.c.obj
 .debug_macro   0x0000eb24      0x100 build/src/main.c.obj
 .debug_macro   0x0000ec24       0xf4 build/src/main.c.obj
 .debug_macro   0x0000ed18      0x40f build/src/main.c.obj
 .debug_macro   0x0000f127       0x40 build/src/main.c.obj
 .debug_macro   0x0000f167      0x36f build/src/main.c.obj
 .debug_macro   0x0000f4d6     0x17de build/src/main.c.obj
 .debug_macro   0x00010cb4       0x6d build/src/main.c.obj
 .debug_macro   0x00010d21      0x190 build/src/main.c.obj
 .debug_macro   0x00010eb1       0x4c build/src/main.c.obj
 .debug_macro   0x00010efd       0x6d build/src/main.c.obj
 .debug_macro   0x00010f6a       0x24 build/src/main.c.obj
 .debug_macro   0x00010f8e       0x3c build/src/main.c.obj
 .debug_macro   0x00010fca       0x34 build/src/main.c.obj
 .debug_macro   0x00010ffe       0x10 build/src/main.c.obj
 .debug_macro   0x0001100e       0x3c build/src/main.c.obj
 .debug_macro   0x0001104a      0x364 build/src/main.c.obj
 .debug_macro   0x000113ae       0x10 build/src/main.c.obj
 .debug_macro   0x000113be       0x16 build/src/main.c.obj
 .debug_macro   0x000113d4       0x4a build/src/main.c.obj
 .debug_macro   0x0001141e       0x34 build/src/main.c.obj
 .debug_macro   0x00011452       0xac build/src/main.c.obj
 .debug_macro   0x000114fe      0x4fe build/src/main.c.obj
 .debug_macro   0x000119fc       0x16 build/src/main.c.obj
 .debug_macro   0x00011a12       0x10 build/src/main.c.obj
 .debug_macro   0x00011a22       0x10 build/src/main.c.obj
 .debug_macro   0x00011a32       0x58 build/src/main.c.obj
 .debug_macro   0x00011a8a      0x1e5 build/src/main.c.obj
 .debug_macro   0x00011c6f       0x16 build/src/main.c.obj
 .debug_macro   0x00011c85      0x115 build/src/main.c.obj
 .debug_macro   0x00011d9a      0x31d build/src/drivers/i2c/i2c.c.obj
 .debug_macro   0x000120b7       0x46 build/src/drivers/i2c/i2c.c.obj
 .debug_macro   0x000120fd      0x318 build/src/drivers/uart/uart.c.obj
 .debug_macro   0x00012415      0x19d build/env/syscalls_min.c.obj
 .debug_macro   0x000125b2       0x67 build/env/syscalls_min.c.obj
 .debug_macro   0x00012619       0x5c build/env/syscalls_min.c.obj
 .debug_macro   0x00012675       0x57 build/env/syscalls_min.c.obj
 .debug_macro   0x000126cc       0x10 build/env/syscalls_min.c.obj
 .debug_macro   0x000126dc       0x10 build/env/syscalls_min.c.obj
 .debug_macro   0x000126ec       0x10 build/env/syscalls_min.c.obj
 .debug_macro   0x000126fc       0x2e build/env/syscalls_min.c.obj
 .debug_macro   0x0001272a      0x102 build/env/syscalls_min.c.obj
 .debug_macro   0x0001282c       0x10 build/env/syscalls_min.c.obj
 .debug_macro   0x0001283c      0x242 build/env/syscalls_min.c.obj
 .debug_macro   0x00012a7e       0x16 build/env/syscalls_min.c.obj
 .debug_macro   0x00012a94      0x311 build/env/system_samd21.c.obj
 .debug_macro   0x00012da5      0x30b build/env/startup_samd21_gcc.c.obj

.debug_line     0x00000000     0x8136
 .debug_line    0x00000000      0x86b build/src/main.c.obj
 .debug_line    0x0000086b      0xd36 build/src/drivers/i2c/i2c.c.obj
 .debug_line    0x000015a1      0x8cc build/src/drivers/uart/uart.c.obj
 .debug_line    0x00001e6d      0x411 build/env/syscalls_min.c.obj
 .debug_line    0x0000227e      0x618 build/env/system_samd21.c.obj
 .debug_line    0x00002896      0x684 build/env/startup_samd21_gcc.c.obj
 .debug_line    0x00002f1a      0x600 /usr/lib/gcc/arm-none-eabi/15.1.0/../../../../arm-none-eabi/lib/thumb/v6-m/nofp/libc_nano.a(libc_a-findfp.o)
 .debug_line    0x0000351a      0x206 /usr/lib/gcc/arm-none-eabi/15.1.0/../../../../arm-none-eabi/lib/thumb/v6-m/nofp/libc_nano.a(libc_a-fwalk.o)
 .debug_line    0x00003720      0x319 /usr/lib/gcc/arm-none-eabi/15.1.0/../../../../arm-none-eabi/lib/thumb/v6-m/nofp/libc_nano.a(libc_a-puts.o)
 .debug_line    0x00003a39      0x2bb /usr/lib/gcc/arm-none-eabi/15.1.0/../../../../arm-none-eabi/lib/thumb/v6-m/nofp/libc_nano.a(libc_a-stdio.o)
 .debug_line    0x00003cf4      0x29d /usr/lib/gcc/arm-none-eabi/15.1.0/../../../../arm-none-eabi/lib/thumb/v6-m/nofp/libc_nano.a(libc_a-wbuf.o)
 .debug_line    0x00003f91      0x2b8 /usr/lib/gcc/arm-none-eabi/15.1.0/../../../../arm-none-eabi/lib/thumb/v6-m/nofp/libc_nano.a(libc_a-wsetup.o)
 .debug_line    0x00004249      0x127 /usr/lib/gcc/arm-none-eabi/15.1.0/../../../../arm-none-eabi/lib/thumb/v6-m/nofp/libc_nano.a(libc_a-memset.o)
 .debug_line    0x00004370      0x1e6 /usr/lib/gcc/arm-none-eabi/15.1.0/../../../../arm-none-eabi/lib/thumb/v6-m/nofp/libc_nano.a(libc_a-closer.o)
 .debug_line    0x00004556      0x2b6 /usr/lib/gcc/arm-none-eabi/15.1.0/../../../../arm-none-eabi/lib/thumb/v6-m/nofp/libc_nano.a(libc_a-reent.o)
 .debug_line    0x0000480c      0x112 /usr/lib/gcc/arm-none-eabi/15.1.0/../../../../arm-none-eabi/lib/thumb/v6-m/nofp/libc_nano.a(libc_a-impure.o)
 .debug_line    0x0000491e      0x1e1 /usr/lib/gcc/arm-none-eabi/15.1.0/../../../../arm-none-eabi/lib/thumb/v6-m/nofp/libc_nano.a(libc_a-lseekr.o)
 .debug_line    0x00004aff      0x1e0 /usr/lib/gcc/arm-none-eabi/15.1.0/../../../../arm-none-eabi/lib/thumb/v6-m/nofp/libc_nano.a(libc_a-readr.o)
 .debug_line    0x00004cdf      0x1e1 /usr/lib/gcc/arm-none-eabi/15.1.0/../../../../arm-none-eabi/lib/thumb/v6-m/nofp/libc_nano.a(libc_a-writer.o)
 .debug_line    0x00004ec0      0x141 /usr/lib/gcc/arm-none-eabi/15.1.0/../../../../arm-none-eabi/lib/thumb/v6-m/nofp/libc_nano.a(libc_a-errno.o)
 .debug_line    0x00005001      0x187 /usr/lib/gcc/arm-none-eabi/15.1.0/../../../../arm-none-eabi/lib/thumb/v6-m/nofp/libc_nano.a(libc_a-lock.o)
 .debug_line    0x00005188      0x184 /usr/lib/gcc/arm-none-eabi/15.1.0/../../../../arm-none-eabi/lib/thumb/v6-m/nofp/libc_nano.a(libc_a-memcpy-stub.o)
 .debug_line    0x0000530c      0x2da /usr/lib/gcc/arm-none-eabi/15.1.0/../../../../arm-none-eabi/lib/thumb/v6-m/nofp/libc_nano.a(libc_a-freer.o)
 .debug_line    0x000055e6      0x4e5 /usr/lib/gcc/arm-none-eabi/15.1.0/../../../../arm-none-eabi/lib/thumb/v6-m/nofp/libc_nano.a(libc_a-mallocr.o)
 .debug_line    0x00005acb      0x1c6 /usr/lib/gcc/arm-none-eabi/15.1.0/../../../../arm-none-eabi/lib/thumb/v6-m/nofp/libc_nano.a(libc_a-mlock.o)
 .debug_line    0x00005c91      0x427 /usr/lib/gcc/arm-none-eabi/15.1.0/../../../../arm-none-eabi/lib/thumb/v6-m/nofp/libc_nano.a(libc_a-fflush.o)
 .debug_line    0x000060b8      0x384 /usr/lib/gcc/arm-none-eabi/15.1.0/../../../../arm-none-eabi/lib/thumb/v6-m/nofp/libc_nano.a(libc_a-makebuf.o)
 .debug_line    0x0000643c      0x293 /usr/lib/gcc/arm-none-eabi/15.1.0/../../../../arm-none-eabi/lib/thumb/v6-m/nofp/libc_nano.a(libc_a-fstatr.o)
 .debug_line    0x000066cf      0x1e7 /usr/lib/gcc/arm-none-eabi/15.1.0/../../../../arm-none-eabi/lib/thumb/v6-m/nofp/libc_nano.a(libc_a-isattyr.o)
 .debug_line    0x000068b6      0x1e6 /usr/lib/gcc/arm-none-eabi/15.1.0/../../../../arm-none-eabi/lib/thumb/v6-m/nofp/libc_nano.a(libc_a-sbrkr.o)
 .debug_line    0x00006a9c       0x56 /usr/lib/gcc/arm-none-eabi/15.1.0/thumb/v6-m/nofp/libgcc.a(_udivsi3.o)
 .debug_line    0x00006af2       0x4a /usr/lib/gcc/arm-none-eabi/15.1.0/thumb/v6-m/nofp/libgcc.a(_dvmd_tls.o)
 .debug_line    0x00006b3c      0x50c /usr/lib/gcc/arm-none-eabi/15.1.0/thumb/v6-m/nofp/libgcc.a(mulsf3.o)
 .debug_line    0x00007048      0xeb4 /usr/lib/gcc/arm-none-eabi/15.1.0/thumb/v6-m/nofp/libgcc.a(subsf3.o)
 .debug_line    0x00007efc      0x1dc /usr/lib/gcc/arm-none-eabi/15.1.0/thumb/v6-m/nofp/libgcc.a(floatunsisf.o)
 .debug_line    0x000080d8       0x5e /usr/lib/gcc/arm-none-eabi/15.1.0/thumb/v6-m/nofp/libgcc.a(_clzsi2.o)

.debug_str      0x00000000    0x7301c
 .debug_str     0x00000000    0x7301c build/src/main.c.obj
                              0x70a65 (size before relaxing)
 .debug_str     0x0007301c    0x6d44e build/src/drivers/i2c/i2c.c.obj
 .debug_str     0x0007301c    0x6d27f build/src/drivers/uart/uart.c.obj
 .debug_str     0x0007301c     0x86ee build/env/syscalls_min.c.obj
 .debug_str     0x0007301c    0x6c3c2 build/env/system_samd21.c.obj
 .debug_str     0x0007301c    0x6c488 build/env/startup_samd21_gcc.c.obj
 .debug_str     0x0007301c      0x77b /usr/lib/gcc/arm-none-eabi/15.1.0/../../../../arm-none-eabi/lib/thumb/v6-m/nofp/libc_nano.a(libc_a-findfp.o)
 .debug_str     0x0007301c      0x508 /usr/lib/gcc/arm-none-eabi/15.1.0/../../../../arm-none-eabi/lib/thumb/v6-m/nofp/libc_nano.a(libc_a-fwalk.o)
 .debug_str     0x0007301c      0x583 /usr/lib/gcc/arm-none-eabi/15.1.0/../../../../arm-none-eabi/lib/thumb/v6-m/nofp/libc_nano.a(libc_a-puts.o)
 .debug_str     0x0007301c      0x565 /usr/lib/gcc/arm-none-eabi/15.1.0/../../../../arm-none-eabi/lib/thumb/v6-m/nofp/libc_nano.a(libc_a-stdio.o)
 .debug_str     0x0007301c      0x52e /usr/lib/gcc/arm-none-eabi/15.1.0/../../../../arm-none-eabi/lib/thumb/v6-m/nofp/libc_nano.a(libc_a-wbuf.o)
 .debug_str     0x0007301c      0x529 /usr/lib/gcc/arm-none-eabi/15.1.0/../../../../arm-none-eabi/lib/thumb/v6-m/nofp/libc_nano.a(libc_a-wsetup.o)
 .debug_str     0x0007301c      0x1d8 /usr/lib/gcc/arm-none-eabi/15.1.0/../../../../arm-none-eabi/lib/thumb/v6-m/nofp/libc_nano.a(libc_a-memset.o)
 .debug_str     0x0007301c      0x4ee /usr/lib/gcc/arm-none-eabi/15.1.0/../../../../arm-none-eabi/lib/thumb/v6-m/nofp/libc_nano.a(libc_a-closer.o)
 .debug_str     0x0007301c      0x517 /usr/lib/gcc/arm-none-eabi/15.1.0/../../../../arm-none-eabi/lib/thumb/v6-m/nofp/libc_nano.a(libc_a-reent.o)
 .debug_str     0x0007301c      0x4f8 /usr/lib/gcc/arm-none-eabi/15.1.0/../../../../arm-none-eabi/lib/thumb/v6-m/nofp/libc_nano.a(libc_a-impure.o)
 .debug_str     0x0007301c      0x4fc /usr/lib/gcc/arm-none-eabi/15.1.0/../../../../arm-none-eabi/lib/thumb/v6-m/nofp/libc_nano.a(libc_a-lseekr.o)
 .debug_str     0x0007301c      0x4fc /usr/lib/gcc/arm-none-eabi/15.1.0/../../../../arm-none-eabi/lib/thumb/v6-m/nofp/libc_nano.a(libc_a-readr.o)
 .debug_str     0x0007301c      0x4fe /usr/lib/gcc/arm-none-eabi/15.1.0/../../../../arm-none-eabi/lib/thumb/v6-m/nofp/libc_nano.a(libc_a-writer.o)
 .debug_str     0x0007301c      0x4f2 /usr/lib/gcc/arm-none-eabi/15.1.0/../../../../arm-none-eabi/lib/thumb/v6-m/nofp/libc_nano.a(libc_a-errno.o)
 .debug_str     0x0007301c      0x36f /usr/lib/gcc/arm-none-eabi/15.1.0/../../../../arm-none-eabi/lib/thumb/v6-m/nofp/libc_nano.a(libc_a-lock.o)
 .debug_str     0x0007301c      0x1f6 /usr/lib/gcc/arm-none-eabi/15.1.0/../../../../arm-none-eabi/lib/thumb/v6-m/nofp/libc_nano.a(libc_a-memcpy-stub.o)
 .debug_str     0x0007301c      0x578 /usr/lib/gcc/arm-none-eabi/15.1.0/../../../../arm-none-eabi/lib/thumb/v6-m/nofp/libc_nano.a(libc_a-freer.o)
 .debug_str     0x0007301c      0x5d9 /usr/lib/gcc/arm-none-eabi/15.1.0/../../../../arm-none-eabi/lib/thumb/v6-m/nofp/libc_nano.a(libc_a-mallocr.o)
 .debug_str     0x0007301c      0x57a /usr/lib/gcc/arm-none-eabi/15.1.0/../../../../arm-none-eabi/lib/thumb/v6-m/nofp/libc_nano.a(libc_a-mlock.o)
 .debug_str     0x0007301c      0x5c3 /usr/lib/gcc/arm-none-eabi/15.1.0/../../../../arm-none-eabi/lib/thumb/v6-m/nofp/libc_nano.a(libc_a-fflush.o)
 .debug_str     0x0007301c      0x68b /usr/lib/gcc/arm-none-eabi/15.1.0/../../../../arm-none-eabi/lib/thumb/v6-m/nofp/libc_nano.a(libc_a-makebuf.o)
 .debug_str     0x0007301c      0x640 /usr/lib/gcc/arm-none-eabi/15.1.0/../../../../arm-none-eabi/lib/thumb/v6-m/nofp/libc_nano.a(libc_a-fstatr.o)
 .debug_str     0x0007301c      0x4f8 /usr/lib/gcc/arm-none-eabi/15.1.0/../../../../arm-none-eabi/lib/thumb/v6-m/nofp/libc_nano.a(libc_a-isattyr.o)
 .debug_str     0x0007301c      0x501 /usr/lib/gcc/arm-none-eabi/15.1.0/../../../../arm-none-eabi/lib/thumb/v6-m/nofp/libc_nano.a(libc_a-sbrkr.o)
 .debug_str     0x0007301c       0xed /usr/lib/gcc/arm-none-eabi/15.1.0/thumb/v6-m/nofp/libgcc.a(_udivsi3.o)
 .debug_str     0x0007301c       0xee /usr/lib/gcc/arm-none-eabi/15.1.0/thumb/v6-m/nofp/libgcc.a(_dvmd_tls.o)
 .debug_str     0x0007301c      0x301 /usr/lib/gcc/arm-none-eabi/15.1.0/thumb/v6-m/nofp/libgcc.a(mulsf3.o)
 .debug_str     0x0007301c      0x2dc /usr/lib/gcc/arm-none-eabi/15.1.0/thumb/v6-m/nofp/libgcc.a(subsf3.o)
 .debug_str     0x0007301c      0x29f /usr/lib/gcc/arm-none-eabi/15.1.0/thumb/v6-m/nofp/libgcc.a(floatunsisf.o)
 .debug_str     0x0007301c       0xdb /usr/lib/gcc/arm-none-eabi/15.1.0/thumb/v6-m/nofp/libgcc.a(_clzsi2.o)

.debug_frame    0x00000000      0xa48
 .debug_frame   0x00000000       0x54 build/src/main.c.obj
 .debug_frame   0x00000054      0x104 build/src/drivers/i2c/i2c.c.obj
 .debug_frame   0x00000158       0x84 build/src/drivers/uart/uart.c.obj
 .debug_frame   0x000001dc       0xac build/env/syscalls_min.c.obj
 .debug_frame   0x00000288       0x30 build/env/system_samd21.c.obj
 .debug_frame   0x000002b8       0x38 build/env/startup_samd21_gcc.c.obj
 .debug_frame   0x000002f0      0x138 /usr/lib/gcc/arm-none-eabi/15.1.0/../../../../arm-none-eabi/lib/thumb/v6-m/nofp/libc_nano.a(libc_a-findfp.o)
 .debug_frame   0x00000428       0x34 /usr/lib/gcc/arm-none-eabi/15.1.0/../../../../arm-none-eabi/lib/thumb/v6-m/nofp/libc_nano.a(libc_a-fwalk.o)
 .debug_frame   0x0000045c       0x44 /usr/lib/gcc/arm-none-eabi/15.1.0/../../../../arm-none-eabi/lib/thumb/v6-m/nofp/libc_nano.a(libc_a-puts.o)
 .debug_frame   0x000004a0       0x90 /usr/lib/gcc/arm-none-eabi/15.1.0/../../../../arm-none-eabi/lib/thumb/v6-m/nofp/libc_nano.a(libc_a-stdio.o)
 .debug_frame   0x00000530       0x48 /usr/lib/gcc/arm-none-eabi/15.1.0/../../../../arm-none-eabi/lib/thumb/v6-m/nofp/libc_nano.a(libc_a-wbuf.o)
 .debug_frame   0x00000578       0x2c /usr/lib/gcc/arm-none-eabi/15.1.0/../../../../arm-none-eabi/lib/thumb/v6-m/nofp/libc_nano.a(libc_a-wsetup.o)
 .debug_frame   0x000005a4       0x20 /usr/lib/gcc/arm-none-eabi/15.1.0/../../../../arm-none-eabi/lib/thumb/v6-m/nofp/libc_nano.a(libc_a-memset.o)
 .debug_frame   0x000005c4       0x2c /usr/lib/gcc/arm-none-eabi/15.1.0/../../../../arm-none-eabi/lib/thumb/v6-m/nofp/libc_nano.a(libc_a-closer.o)
 .debug_frame   0x000005f0       0x2c /usr/lib/gcc/arm-none-eabi/15.1.0/../../../../arm-none-eabi/lib/thumb/v6-m/nofp/libc_nano.a(libc_a-reent.o)
 .debug_frame   0x0000061c       0x2c /usr/lib/gcc/arm-none-eabi/15.1.0/../../../../arm-none-eabi/lib/thumb/v6-m/nofp/libc_nano.a(libc_a-lseekr.o)
 .debug_frame   0x00000648       0x2c /usr/lib/gcc/arm-none-eabi/15.1.0/../../../../arm-none-eabi/lib/thumb/v6-m/nofp/libc_nano.a(libc_a-readr.o)
 .debug_frame   0x00000674       0x2c /usr/lib/gcc/arm-none-eabi/15.1.0/../../../../arm-none-eabi/lib/thumb/v6-m/nofp/libc_nano.a(libc_a-writer.o)
 .debug_frame   0x000006a0       0x20 /usr/lib/gcc/arm-none-eabi/15.1.0/../../../../arm-none-eabi/lib/thumb/v6-m/nofp/libc_nano.a(libc_a-errno.o)
 .debug_frame   0x000006c0       0xb0 /usr/lib/gcc/arm-none-eabi/15.1.0/../../../../arm-none-eabi/lib/thumb/v6-m/nofp/libc_nano.a(libc_a-lock.o)
 .debug_frame   0x00000770       0x28 /usr/lib/gcc/arm-none-eabi/15.1.0/../../../../arm-none-eabi/lib/thumb/v6-m/nofp/libc_nano.a(libc_a-memcpy-stub.o)
 .debug_frame   0x00000798       0x2c /usr/lib/gcc/arm-none-eabi/15.1.0/../../../../arm-none-eabi/lib/thumb/v6-m/nofp/libc_nano.a(libc_a-freer.o)
 .debug_frame   0x000007c4       0x50 /usr/lib/gcc/arm-none-eabi/15.1.0/../../../../arm-none-eabi/lib/thumb/v6-m/nofp/libc_nano.a(libc_a-mallocr.o)
 .debug_frame   0x00000814       0x40 /usr/lib/gcc/arm-none-eabi/15.1.0/../../../../arm-none-eabi/lib/thumb/v6-m/nofp/libc_nano.a(libc_a-mlock.o)
 .debug_frame   0x00000854       0x68 /usr/lib/gcc/arm-none-eabi/15.1.0/../../../../arm-none-eabi/lib/thumb/v6-m/nofp/libc_nano.a(libc_a-fflush.o)
 .debug_frame   0x000008bc       0x54 /usr/lib/gcc/arm-none-eabi/15.1.0/../../../../arm-none-eabi/lib/thumb/v6-m/nofp/libc_nano.a(libc_a-makebuf.o)
 .debug_frame   0x00000910       0x2c /usr/lib/gcc/arm-none-eabi/15.1.0/../../../../arm-none-eabi/lib/thumb/v6-m/nofp/libc_nano.a(libc_a-fstatr.o)
 .debug_frame   0x0000093c       0x2c /usr/lib/gcc/arm-none-eabi/15.1.0/../../../../arm-none-eabi/lib/thumb/v6-m/nofp/libc_nano.a(libc_a-isattyr.o)
 .debug_frame   0x00000968       0x2c /usr/lib/gcc/arm-none-eabi/15.1.0/../../../../arm-none-eabi/lib/thumb/v6-m/nofp/libc_nano.a(libc_a-sbrkr.o)
 .debug_frame   0x00000994       0x20 /usr/lib/gcc/arm-none-eabi/15.1.0/thumb/v6-m/nofp/libgcc.a(_udivsi3.o)
 .debug_frame   0x000009b4       0x38 /usr/lib/gcc/arm-none-eabi/15.1.0/thumb/v6-m/nofp/libgcc.a(mulsf3.o)
 .debug_frame   0x000009ec       0x34 /usr/lib/gcc/arm-none-eabi/15.1.0/thumb/v6-m/nofp/libgcc.a(subsf3.o)
 .debug_frame   0x00000a20       0x28 /usr/lib/gcc/arm-none-eabi/15.1.0/thumb/v6-m/nofp/libgcc.a(floatunsisf.o)

.debug_line_str
                0x00000000       0xc6
 .debug_line_str
                0x00000000       0xc6 /usr/lib/gcc/arm-none-eabi/15.1.0/thumb/v6-m/nofp/libgcc.a(_udivsi3.o)
 .debug_line_str
                0x000000c6       0xc6 /usr/lib/gcc/arm-none-eabi/15.1.0/thumb/v6-m/nofp/libgcc.a(_dvmd_tls.o)
 .debug_line_str
                0x000000c6       0xc6 /usr/lib/gcc/arm-none-eabi/15.1.0/thumb/v6-m/nofp/libgcc.a(_clzsi2.o)
